#
# There is insufficient memory for the Java Runtime Environment to continue.
# Native memory allocation (malloc) failed to allocate 1657232 bytes. Error detail: Chunk::new
# Possible reasons:
#   The system is out of physical RAM or swap space
#   This process is running with CompressedOops enabled, and the Java Heap may be blocking the growth of the native heap
# Possible solutions:
#   Reduce memory load on the system
#   Increase physical memory or swap space
#   Check if swap backing store is full
#   Decrease Java heap size (-Xmx/-Xms)
#   Decrease number of Java threads
#   Decrease Java thread stack sizes (-Xss)
#   Set larger code cache with -XX:ReservedCodeCacheSize=
#   JVM is running with Unscaled Compressed Oops mode in which the Java heap is
#     placed in the first 4GB address space. The Java Heap base address is the
#     maximum limit for the native heap growth. Please use -XX:HeapBaseMinAddress
#     to set the Java Heap base and to place the Java Heap above 4GB virtual address.
# This output file may be truncated or incomplete.
#
#  Out of Memory Error (arena.cpp:168), pid=21616, tid=15764
#
# JRE version: OpenJDK Runtime Environment Temurin-21.0.12.1+1 (21.0.12.1+1) (build 21.0.12.1+1-LTS)
# Java VM: OpenJDK 64-Bit Server VM Temurin-21.0.12.1+1 (21.0.12.1+1-LTS, mixed mode, sharing, tiered, compressed oops, compressed class ptrs, parallel gc, windows-amd64)
# No core dump will be written. Minidumps are not enabled by default on client versions of Windows
#

---------------  S U M M A R Y ------------

Command Line: --add-modules=ALL-SYSTEM --add-opens=java.base/java.util=ALL-UNNAMED --add-opens=java.base/java.lang=ALL-UNNAMED --add-opens=java.base/sun.nio.fs=ALL-UNNAMED -Declipse.application=org.eclipse.jdt.ls.core.id1 -Dosgi.bundles.defaultStartLevel=4 -Declipse.product=org.eclipse.jdt.ls.core.product -Djava.import.generatesMetadataFilesAtProjectRoot=false -Dm2e.project.cache.size=50 -DDetectVMInstallationsJob.disabled=true -Dfile.encoding=utf8 -XX:+UseParallelGC -XX:GCTimeRatio=4 -XX:AdaptiveSizePolicyWeight=90 -Dsun.zip.disableMemoryMapping=true -Xmx2G -Xms100m -Xlog:disable -javaagent:c:\Users\jyoti\.antigravity-ide\extensions\redhat.java-1.56.0-win32-x64\lombok\lombok-1.18.39-4050.jar -XX:+HeapDumpOnOutOfMemoryError -XX:HeapDumpPath=c:\Users\jyoti\AppData\Roaming\Antigravity IDE\User\workspaceStorage\bc263b273cc69875a4fa21cf55d510ae\redhat.java -Daether.dependencyCollector.impl=bf c:\Users\jyoti\.antigravity-ide\extensions\redhat.java-1.56.0-win32-x64\server\plugins\org.eclipse.equinox.launcher_1.8.0.v20260804-1928.jar -configuration c:\Users\jyoti\AppData\Roaming\Antigravity IDE\User\globalStorage\redhat.java\1.56.0\config_win -data c:\Users\jyoti\AppData\Roaming\Antigravity IDE\User\workspaceStorage\bc263b273cc69875a4fa21cf55d510ae\redhat.java\jdt_ws --pipe=\\.\pipe\lsp-f84f2b4ee7a414d695cf7d7349d19ea1-sock

Host: 12th Gen Intel(R) Core(TM) i5-12450H, 12 cores, 7G,  Windows 11 , 64 bit Build 22621 (10.0.22621.5415)
Time: Thu Sep 10 15:33:13 2026 India Standard Time elapsed time: 7.472158 seconds (0d 0h 0m 7s)

---------------  T H R E A D  ---------------

Current thread (0x0000015f06b8da30):  JavaThread "C2 CompilerThread0" daemon [_thread_in_native, id=15764, stack(0x0000003037700000,0x0000003037800000) (1024K)]


Current CompileTask:
C2:7472 3206       4       java.lang.invoke.MethodType::makeImpl (109 bytes)

Stack: [0x0000003037700000,0x0000003037800000]
Native frames: (J=compiled Java code, j=interpreted, Vv=VM code, C=native code)
V  [jvm.dll+0x6d83e9]
V  [jvm.dll+0x8b5736]
V  [jvm.dll+0x8b7cee]
V  [jvm.dll+0x8b83d3]
V  [jvm.dll+0x284596]
V  [jvm.dll+0xc685d]
V  [jvm.dll+0xc6da1]
V  [jvm.dll+0x3bf18b]
V  [jvm.dll+0x38b6d2]
V  [jvm.dll+0x38ab1a]
V  [jvm.dll+0x24c700]
V  [jvm.dll+0x24bce0]
V  [jvm.dll+0x1cb4ae]
V  [jvm.dll+0x25baad]
V  [jvm.dll+0x25a03a]
V  [jvm.dll+0x3f8aae]
V  [jvm.dll+0x8600cd]
V  [jvm.dll+0x6d6c1d]
C  [ucrtbase.dll+0x29333]
C  [KERNEL32.DLL+0x1259d]
C  [ntdll.dll+0x5af78]


---------------  P R O C E S S  ---------------

Threads class SMR info:
_java_thread_list=0x0000015f65a5ca50, length=21, elements={
0x0000015f046b7980, 0x0000015f06b70380, 0x0000015f06b73b50, 0x0000015f06b76ed0,
0x0000015f06b7a0d0, 0x0000015f06b7d2c0, 0x0000015f06b7e620, 0x0000015f06b8da30,
0x0000015f5f8c9f60, 0x0000015f06b7ecb0, 0x0000015f06b7f9d0, 0x0000015f06b81410,
0x0000015f06b7f340, 0x0000015f06b7df90, 0x0000015f06b80060, 0x0000015f06b806f0,
0x0000015f06b80d80, 0x0000015f65d5a8b0, 0x0000015f65d59b90, 0x0000015f65d5af40,
0x0000015f65d587e0
}

Java Threads: ( => current thread )
  0x0000015f046b7980 JavaThread "main"                              [_thread_blocked, id=4052, stack(0x0000003036d00000,0x0000003036e00000) (1024K)]
  0x0000015f06b70380 JavaThread "Reference Handler"          daemon [_thread_blocked, id=15260, stack(0x0000003037100000,0x0000003037200000) (1024K)]
  0x0000015f06b73b50 JavaThread "Finalizer"                  daemon [_thread_blocked, id=5452, stack(0x0000003037200000,0x0000003037300000) (1024K)]
  0x0000015f06b76ed0 JavaThread "Signal Dispatcher"          daemon [_thread_blocked, id=23544, stack(0x0000003037300000,0x0000003037400000) (1024K)]
  0x0000015f06b7a0d0 JavaThread "Attach Listener"            daemon [_thread_blocked, id=15468, stack(0x0000003037400000,0x0000003037500000) (1024K)]
  0x0000015f06b7d2c0 JavaThread "Service Thread"             daemon [_thread_blocked, id=24292, stack(0x0000003037500000,0x0000003037600000) (1024K)]
  0x0000015f06b7e620 JavaThread "Monitor Deflation Thread"   daemon [_thread_blocked, id=5012, stack(0x0000003037600000,0x0000003037700000) (1024K)]
=>0x0000015f06b8da30 JavaThread "C2 CompilerThread0"         daemon [_thread_in_native, id=15764, stack(0x0000003037700000,0x0000003037800000) (1024K)]
  0x0000015f5f8c9f60 JavaThread "C1 CompilerThread0"         daemon [_thread_blocked, id=14728, stack(0x0000003037800000,0x0000003037900000) (1024K)]
  0x0000015f06b7ecb0 JavaThread "Common-Cleaner"             daemon [_thread_blocked, id=23812, stack(0x0000003037900000,0x0000003037a00000) (1024K)]
  0x0000015f06b7f9d0 JavaThread "Notification Thread"        daemon [_thread_blocked, id=25504, stack(0x0000003037a00000,0x0000003037b00000) (1024K)]
  0x0000015f06b81410 JavaThread "Active Thread: Equinox Container: 523e7a48-e2e3-4610-83d8-b2cd3eb41540"        [_thread_blocked, id=24572, stack(0x0000003038100000,0x0000003038200000) (1024K)]
  0x0000015f06b7f340 JavaThread "Refresh Thread: Equinox Container: 523e7a48-e2e3-4610-83d8-b2cd3eb41540" daemon [_thread_blocked, id=23704, stack(0x0000003038300000,0x0000003038400000) (1024K)]
  0x0000015f06b7df90 JavaThread "Framework Event Dispatcher: Equinox Container: 523e7a48-e2e3-4610-83d8-b2cd3eb41540" daemon [_thread_blocked, id=4148, stack(0x0000003038400000,0x0000003038500000) (1024K)]
  0x0000015f06b80060 JavaThread "Start Level: Equinox Container: 523e7a48-e2e3-4610-83d8-b2cd3eb41540" daemon [_thread_in_vm, id=15648, stack(0x0000003038500000,0x0000003038600000) (1024K)]
  0x0000015f06b806f0 JavaThread "Bundle File Closer"         daemon [_thread_blocked, id=15684, stack(0x0000003038800000,0x0000003038900000) (1024K)]
  0x0000015f06b80d80 JavaThread "SCR Component Actor"        daemon [_thread_blocked, id=24428, stack(0x0000003038900000,0x0000003038a00000) (1024K)]
  0x0000015f65d5a8b0 JavaThread "Worker-JM"                         [_thread_blocked, id=24104, stack(0x0000003038a00000,0x0000003038b00000) (1024K)]
  0x0000015f65d59b90 JavaThread "JNA Cleaner"                daemon [_thread_blocked, id=2496, stack(0x0000003038b00000,0x0000003038c00000) (1024K)]
  0x0000015f65d5af40 JavaThread "Worker-0: Checking project encoding"        [_thread_blocked, id=17576, stack(0x0000003038c00000,0x0000003038d00000) (1024K)]
  0x0000015f65d587e0 JavaThread "Worker-1"                          [_thread_blocked, id=14288, stack(0x0000003038d00000,0x0000003038e00000) (1024K)]
Total: 21

Other Threads:
  0x0000015f06a64ca0 VMThread "VM Thread"                           [id=7756, stack(0x0000003037000000,0x0000003037100000) (1024K)]
  0x0000015f0695ba00 WatcherThread "VM Periodic Task Thread"        [id=7084, stack(0x0000003036f00000,0x0000003037000000) (1024K)]
  0x0000015f06aebfe0 WorkerThread "GC Thread#0"                     [id=2652, stack(0x0000003036e00000,0x0000003036f00000) (1024K)]
  0x0000015f5fc091f0 WorkerThread "GC Thread#1"                     [id=22792, stack(0x0000003037b00000,0x0000003037c00000) (1024K)]
  0x0000015f5fc095a0 WorkerThread "GC Thread#2"                     [id=23460, stack(0x0000003037c00000,0x0000003037d00000) (1024K)]
  0x0000015f5fc09950 WorkerThread "GC Thread#3"                     [id=10192, stack(0x0000003037d00000,0x0000003037e00000) (1024K)]
  0x0000015f5fc09d00 WorkerThread "GC Thread#4"                     [id=24508, stack(0x0000003037e00000,0x0000003037f00000) (1024K)]
  0x0000015f65064be0 WorkerThread "GC Thread#5"                     [id=16144, stack(0x0000003037f00000,0x0000003038000000) (1024K)]
  0x0000015f65064f90 WorkerThread "GC Thread#6"                     [id=23080, stack(0x0000003038000000,0x0000003038100000) (1024K)]
  0x0000015f654f03b0 WorkerThread "GC Thread#7"                     [id=2600, stack(0x0000003038200000,0x0000003038300000) (1024K)]
  0x0000015f6588dfd0 WorkerThread "GC Thread#8"                     [id=19804, stack(0x0000003038600000,0x0000003038700000) (1024K)]
  0x0000015f65b8dbb0 WorkerThread "GC Thread#9"                     [id=6140, stack(0x0000003038700000,0x0000003038800000) (1024K)]
Total: 12

Threads with active compile tasks:
C2 CompilerThread0  7500 3206       4       java.lang.invoke.MethodType::makeImpl (109 bytes)
Total: 1

VM state: not at safepoint (normal execution)

VM Mutex/Monitor currently owned by a thread: None

Heap address: 0x0000000080000000, size: 2048 MB, Compressed Oops mode: 32-bit

CDS archive(s) mapped at: [0x0000015f1e000000-0x0000015f1eba0000-0x0000015f1eba0000), size 12189696, SharedBaseAddress: 0x0000015f1e000000, ArchiveRelocationMode: 1.
Compressed class space mapped at: 0x0000015f1f000000-0x0000015f5f000000, reserved size: 1073741824
Narrow klass base: 0x0000015f1e000000, Narrow klass shift: 0, Narrow klass range: 0x100000000

GC Precious Log:
 CardTable entry size: 512
 CPUs: 12 total, 12 available
 Memory: 7832M
 Large Page Support: Disabled
 NUMA Support: Disabled
 Compressed Oops: Enabled (32-bit)
 Alignments: Space 512K, Generation 512K, Heap 2M
 Heap Min Capacity: 100M
 Heap Initial Capacity: 100M
 Heap Max Capacity: 2G
 Pre-touch: Disabled
 Parallel Workers: 10

Heap:
 PSYoungGen      total 29184K, used 18500K [0x00000000d5580000, 0x00000000d7a00000, 0x0000000100000000)
  eden space 25088K, 57% used [0x00000000d5580000,0x00000000d6394d30,0x00000000d6e00000)
  from space 4096K, 99% used [0x00000000d6e80000,0x00000000d727c5a0,0x00000000d7280000)
  to   space 6144K, 0% used [0x00000000d7400000,0x00000000d7400000,0x00000000d7a00000)
 ParOldGen       total 68608K, used 8331K [0x0000000080000000, 0x0000000084300000, 0x00000000d5580000)
  object space 68608K, 12% used [0x0000000080000000,0x0000000080822dc8,0x0000000084300000)
 Metaspace       used 17842K, committed 18624K, reserved 1114112K
  class space    used 1872K, committed 2176K, reserved 1048576K

Card table byte_map: [0x0000015f06470000,0x0000015f06880000] _byte_map_base: 0x0000015f06070000

Marking Bits: (ParMarkBitMap*) 0x00007ffafcb144a0
 Begin Bits: [0x0000015f18f80000, 0x0000015f1af80000)
 End Bits:   [0x0000015f1af80000, 0x0000015f1cf80000)

Polling page: 0x0000015f04920000

Metaspace:

Usage:
  Non-class:     15.60 MB used.
      Class:      1.83 MB used.
       Both:     17.42 MB used.

Virtual space:
  Non-class space:       64.00 MB reserved,      16.06 MB ( 25%) committed,  1 nodes.
      Class space:        1.00 GB reserved,       2.12 MB ( <1%) committed,  1 nodes.
             Both:        1.06 GB reserved,      18.19 MB (  2%) committed. 

Chunk freelists:
   Non-Class:  15.59 MB
       Class:  13.72 MB
        Both:  29.31 MB

MaxMetaspaceSize: unlimited
CompressedClassSpaceSize: 1.00 GB
Initial GC threshold: 21.00 MB
Current GC threshold: 21.00 MB
CDS: on
 - commit_granule_bytes: 65536.
 - commit_granule_words: 8192.
 - virtual_space_node_default_size: 8388608.
 - enlarge_chunks_in_place: 1.
 - use_allocation_guard: 0.


Internal statistics:

num_allocs_failed_limit: 0.
num_arena_births: 556.
num_arena_deaths: 0.
num_vsnodes_births: 2.
num_vsnodes_deaths: 0.
num_space_committed: 291.
num_space_uncommitted: 0.
num_chunks_returned_to_freelist: 0.
num_chunks_taken_from_freelist: 1206.
num_chunk_merges: 0.
num_chunk_splits: 772.
num_chunks_enlarged: 495.
num_inconsistent_stats: 0.

CodeHeap 'non-profiled nmethods': size=120000Kb used=1366Kb max_used=1366Kb free=118633Kb
 bounds [0x0000015f117a0000, 0x0000015f11a10000, 0x0000015f18cd0000]
CodeHeap 'profiled nmethods': size=120000Kb used=6713Kb max_used=6713Kb free=113286Kb
 bounds [0x0000015f09cd0000, 0x0000015f0a360000, 0x0000015f11200000]
CodeHeap 'non-nmethods': size=5760Kb used=1280Kb max_used=1291Kb free=4479Kb
 bounds [0x0000015f11200000, 0x0000015f11470000, 0x0000015f117a0000]
CodeCache: size=245760Kb, used=9359Kb, max_used=9370Kb, free=236398Kb
 total_blobs=3879, nmethods=3320, adapters=465, full_count=0
Compilation: enabled, stopped_count=0, restarted_count=0

Compilation events (20 events):
Event: 7.462 Thread 0x0000015f5f8c9f60 3304       3       java.lang.invoke.InvokerBytecodeGenerator::<init> (80 bytes)
Event: 7.462 Thread 0x0000015f5f8c9f60 nmethod 3304 0x0000015f0a355290 code [0x0000015f0a355460, 0x0000015f0a3557f8]
Event: 7.462 Thread 0x0000015f5f8c9f60 3305       3       jdk.internal.org.objectweb.asm.FieldVisitor::<init> (78 bytes)
Event: 7.463 Thread 0x0000015f5f8c9f60 nmethod 3305 0x0000015f0a355a90 code [0x0000015f0a355cc0, 0x0000015f0a356418]
Event: 7.463 Thread 0x0000015f5f8c9f60 3308       3       java.lang.invoke.LambdaFormBuffer::insertName (106 bytes)
Event: 7.463 Thread 0x0000015f5f8c9f60 nmethod 3308 0x0000015f0a356710 code [0x0000015f0a3568e0, 0x0000015f0a356b08]
Event: 7.464 Thread 0x0000015f5f8c9f60 3311       3       jdk.internal.org.objectweb.asm.Type::getSort (19 bytes)
Event: 7.464 Thread 0x0000015f5f8c9f60 nmethod 3311 0x0000015f0a356c10 code [0x0000015f0a356da0, 0x0000015f0a356ef0]
Event: 7.464 Thread 0x0000015f5f8c9f60 3312       3       jdk.internal.org.objectweb.asm.SymbolTable::addConstant (330 bytes)
Event: 7.466 Thread 0x0000015f5f8c9f60 nmethod 3312 0x0000015f0a356f90 code [0x0000015f0a357500, 0x0000015f0a35a4f0]
Event: 7.466 Thread 0x0000015f5f8c9f60 3315       3       jdk.internal.org.objectweb.asm.SymbolTable::putBootstrapMethods (56 bytes)
Event: 7.467 Thread 0x0000015f5f8c9f60 nmethod 3315 0x0000015f0a35af10 code [0x0000015f0a35b120, 0x0000015f0a35b440]
Event: 7.467 Thread 0x0000015f5f8c9f60 3319       3       jdk.internal.org.objectweb.asm.FieldWriter::computeFieldInfoSize (86 bytes)
Event: 7.467 Thread 0x0000015f5f8c9f60 nmethod 3319 0x0000015f0a35b610 code [0x0000015f0a35b800, 0x0000015f0a35bae0]
Event: 7.467 Thread 0x0000015f5f8c9f60 3320       3       jdk.internal.org.objectweb.asm.FieldWriter::putFieldInfo (269 bytes)
Event: 7.468 Thread 0x0000015f5f8c9f60 nmethod 3320 0x0000015f0a35bc10 code [0x0000015f0a35bea0, 0x0000015f0a35c790]
Event: 7.468 Thread 0x0000015f5f8c9f60 3318       3       jdk.internal.org.objectweb.asm.Type::getType (10 bytes)
Event: 7.468 Thread 0x0000015f5f8c9f60 nmethod 3318 0x0000015f0a35cb10 code [0x0000015f0a35cce0, 0x0000015f0a35cf10]
Event: 7.468 Thread 0x0000015f5f8c9f60 3321   !   3       org.eclipse.osgi.framework.util.SecureAction::start (61 bytes)
Event: 7.468 Thread 0x0000015f5f8c9f60 nmethod 3321 0x0000015f0a35d090 code [0x0000015f0a35d260, 0x0000015f0a35d528]

GC Heap History (10 events):
Event: 1.702 GC heap before
{Heap before GC invocations=1 (full 0):
 PSYoungGen      total 29696K, used 25600K [0x00000000d5580000, 0x00000000d7680000, 0x0000000100000000)
  eden space 25600K, 100% used [0x00000000d5580000,0x00000000d6e80000,0x00000000d6e80000)
  from space 4096K, 0% used [0x00000000d7280000,0x00000000d7280000,0x00000000d7680000)
  to   space 4096K, 0% used [0x00000000d6e80000,0x00000000d6e80000,0x00000000d7280000)
 ParOldGen       total 68608K, used 0K [0x0000000080000000, 0x0000000084300000, 0x00000000d5580000)
  object space 68608K, 0% used [0x0000000080000000,0x0000000080000000,0x0000000084300000)
 Metaspace       used 4340K, committed 4544K, reserved 1114112K
  class space    used 474K, committed 576K, reserved 1048576K
}
Event: 1.713 GC heap after
{Heap after GC invocations=1 (full 0):
 PSYoungGen      total 29696K, used 3264K [0x00000000d5580000, 0x00000000d7680000, 0x0000000100000000)
  eden space 25600K, 0% used [0x00000000d5580000,0x00000000d5580000,0x00000000d6e80000)
  from space 4096K, 79% used [0x00000000d6e80000,0x00000000d71b0158,0x00000000d7280000)
  to   space 4096K, 0% used [0x00000000d7280000,0x00000000d7280000,0x00000000d7680000)
 ParOldGen       total 68608K, used 16K [0x0000000080000000, 0x0000000084300000, 0x00000000d5580000)
  object space 68608K, 0% used [0x0000000080000000,0x0000000080004000,0x0000000084300000)
 Metaspace       used 4340K, committed 4544K, reserved 1114112K
  class space    used 474K, committed 576K, reserved 1048576K
}
Event: 2.826 GC heap before
{Heap before GC invocations=2 (full 0):
 PSYoungGen      total 29696K, used 28864K [0x00000000d5580000, 0x00000000d7680000, 0x0000000100000000)
  eden space 25600K, 100% used [0x00000000d5580000,0x00000000d6e80000,0x00000000d6e80000)
  from space 4096K, 79% used [0x00000000d6e80000,0x00000000d71b0158,0x00000000d7280000)
  to   space 4096K, 0% used [0x00000000d7280000,0x00000000d7280000,0x00000000d7680000)
 ParOldGen       total 68608K, used 16K [0x0000000080000000, 0x0000000084300000, 0x00000000d5580000)
  object space 68608K, 0% used [0x0000000080000000,0x0000000080004000,0x0000000084300000)
 Metaspace       used 8027K, committed 8256K, reserved 1114112K
  class space    used 833K, committed 960K, reserved 1048576K
}
Event: 2.834 GC heap after
{Heap after GC invocations=2 (full 0):
 PSYoungGen      total 29696K, used 4070K [0x00000000d5580000, 0x00000000d7680000, 0x0000000100000000)
  eden space 25600K, 0% used [0x00000000d5580000,0x00000000d5580000,0x00000000d6e80000)
  from space 4096K, 99% used [0x00000000d7280000,0x00000000d7679800,0x00000000d7680000)
  to   space 4096K, 0% used [0x00000000d6e80000,0x00000000d6e80000,0x00000000d7280000)
 ParOldGen       total 68608K, used 1949K [0x0000000080000000, 0x0000000084300000, 0x00000000d5580000)
  object space 68608K, 2% used [0x0000000080000000,0x00000000801e75d8,0x0000000084300000)
 Metaspace       used 8027K, committed 8256K, reserved 1114112K
  class space    used 833K, committed 960K, reserved 1048576K
}
Event: 3.575 GC heap before
{Heap before GC invocations=3 (full 0):
 PSYoungGen      total 29696K, used 29540K [0x00000000d5580000, 0x00000000d7680000, 0x0000000100000000)
  eden space 25600K, 99% used [0x00000000d5580000,0x00000000d6e5fa50,0x00000000d6e80000)
  from space 4096K, 99% used [0x00000000d7280000,0x00000000d7679800,0x00000000d7680000)
  to   space 4096K, 0% used [0x00000000d6e80000,0x00000000d6e80000,0x00000000d7280000)
 ParOldGen       total 68608K, used 1949K [0x0000000080000000, 0x0000000084300000, 0x00000000d5580000)
  object space 68608K, 2% used [0x0000000080000000,0x00000000801e75d8,0x0000000084300000)
 Metaspace       used 9499K, committed 9856K, reserved 1114112K
  class space    used 1012K, committed 1152K, reserved 1048576K
}
Event: 3.583 GC heap after
{Heap after GC invocations=3 (full 0):
 PSYoungGen      total 29696K, used 4065K [0x00000000d5580000, 0x00000000d7680000, 0x0000000100000000)
  eden space 25600K, 0% used [0x00000000d5580000,0x00000000d5580000,0x00000000d6e80000)
  from space 4096K, 99% used [0x00000000d6e80000,0x00000000d72787f8,0x00000000d7280000)
  to   space 4096K, 0% used [0x00000000d7280000,0x00000000d7280000,0x00000000d7680000)
 ParOldGen       total 68608K, used 4665K [0x0000000080000000, 0x0000000084300000, 0x00000000d5580000)
  object space 68608K, 6% used [0x0000000080000000,0x000000008048e450,0x0000000084300000)
 Metaspace       used 9499K, committed 9856K, reserved 1114112K
  class space    used 1012K, committed 1152K, reserved 1048576K
}
Event: 6.178 GC heap before
{Heap before GC invocations=4 (full 0):
 PSYoungGen      total 29696K, used 29665K [0x00000000d5580000, 0x00000000d7680000, 0x0000000100000000)
  eden space 25600K, 100% used [0x00000000d5580000,0x00000000d6e80000,0x00000000d6e80000)
  from space 4096K, 99% used [0x00000000d6e80000,0x00000000d72787f8,0x00000000d7280000)
  to   space 4096K, 0% used [0x00000000d7280000,0x00000000d7280000,0x00000000d7680000)
 ParOldGen       total 68608K, used 4665K [0x0000000080000000, 0x0000000084300000, 0x00000000d5580000)
  object space 68608K, 6% used [0x0000000080000000,0x000000008048e450,0x0000000084300000)
 Metaspace       used 11700K, committed 12096K, reserved 1114112K
  class space    used 1240K, committed 1408K, reserved 1048576K
}
Event: 6.186 GC heap after
{Heap after GC invocations=4 (full 0):
 PSYoungGen      total 29696K, used 4088K [0x00000000d5580000, 0x00000000d7680000, 0x0000000100000000)
  eden space 25600K, 0% used [0x00000000d5580000,0x00000000d5580000,0x00000000d6e80000)
  from space 4096K, 99% used [0x00000000d7280000,0x00000000d767e1b0,0x00000000d7680000)
  to   space 4096K, 0% used [0x00000000d6e80000,0x00000000d6e80000,0x00000000d7280000)
 ParOldGen       total 68608K, used 6524K [0x0000000080000000, 0x0000000084300000, 0x00000000d5580000)
  object space 68608K, 9% used [0x0000000080000000,0x000000008065f068,0x0000000084300000)
 Metaspace       used 11700K, committed 12096K, reserved 1114112K
  class space    used 1240K, committed 1408K, reserved 1048576K
}
Event: 7.051 GC heap before
{Heap before GC invocations=5 (full 0):
 PSYoungGen      total 29696K, used 29688K [0x00000000d5580000, 0x00000000d7680000, 0x0000000100000000)
  eden space 25600K, 100% used [0x00000000d5580000,0x00000000d6e80000,0x00000000d6e80000)
  from space 4096K, 99% used [0x00000000d7280000,0x00000000d767e1b0,0x00000000d7680000)
  to   space 4096K, 0% used [0x00000000d6e80000,0x00000000d6e80000,0x00000000d7280000)
 ParOldGen       total 68608K, used 6524K [0x0000000080000000, 0x0000000084300000, 0x00000000d5580000)
  object space 68608K, 9% used [0x0000000080000000,0x000000008065f068,0x0000000084300000)
 Metaspace       used 15618K, committed 16320K, reserved 1114112K
  class space    used 1622K, committed 1920K, reserved 1048576K
}
Event: 7.057 GC heap after
{Heap after GC invocations=5 (full 0):
 PSYoungGen      total 29184K, used 4081K [0x00000000d5580000, 0x00000000d7a00000, 0x0000000100000000)
  eden space 25088K, 0% used [0x00000000d5580000,0x00000000d5580000,0x00000000d6e00000)
  from space 4096K, 99% used [0x00000000d6e80000,0x00000000d727c5a0,0x00000000d7280000)
  to   space 6144K, 0% used [0x00000000d7400000,0x00000000d7400000,0x00000000d7a00000)
 ParOldGen       total 68608K, used 8331K [0x0000000080000000, 0x0000000084300000, 0x00000000d5580000)
  object space 68608K, 12% used [0x0000000080000000,0x0000000080822dc8,0x0000000084300000)
 Metaspace       used 15618K, committed 16320K, reserved 1114112K
  class space    used 1622K, committed 1920K, reserved 1048576K
}

Dll operation events (20 events):
Event: 0.086 Attempting to load shared library c:\Users\jyoti\.antigravity-ide\extensions\redhat.java-1.56.0-win32-x64\jre\21.0.12.1-win32-x86_64\bin\java.dll
Event: 0.086 Loaded shared library c:\Users\jyoti\.antigravity-ide\extensions\redhat.java-1.56.0-win32-x64\jre\21.0.12.1-win32-x86_64\bin\java.dll
Event: 0.266 Attempting to load shared library c:\Users\jyoti\.antigravity-ide\extensions\redhat.java-1.56.0-win32-x64\jre\21.0.12.1-win32-x86_64\bin\zip.dll
Event: 0.266 Loaded shared library c:\Users\jyoti\.antigravity-ide\extensions\redhat.java-1.56.0-win32-x64\jre\21.0.12.1-win32-x86_64\bin\zip.dll
Event: 0.284 Attempting to load shared library C:\Users\jyoti\.antigravity-ide\extensions\redhat.java-1.56.0-win32-x64\jre\21.0.12.1-win32-x86_64\bin\instrument.dll
Event: 0.284 Loaded shared library C:\Users\jyoti\.antigravity-ide\extensions\redhat.java-1.56.0-win32-x64\jre\21.0.12.1-win32-x86_64\bin\instrument.dll
Event: 0.289 Attempting to load shared library C:\Users\jyoti\.antigravity-ide\extensions\redhat.java-1.56.0-win32-x64\jre\21.0.12.1-win32-x86_64\bin\net.dll
Event: 0.364 Loaded shared library C:\Users\jyoti\.antigravity-ide\extensions\redhat.java-1.56.0-win32-x64\jre\21.0.12.1-win32-x86_64\bin\net.dll
Event: 0.366 Attempting to load shared library C:\Users\jyoti\.antigravity-ide\extensions\redhat.java-1.56.0-win32-x64\jre\21.0.12.1-win32-x86_64\bin\nio.dll
Event: 0.368 Loaded shared library C:\Users\jyoti\.antigravity-ide\extensions\redhat.java-1.56.0-win32-x64\jre\21.0.12.1-win32-x86_64\bin\nio.dll
Event: 0.373 Attempting to load shared library C:\Users\jyoti\.antigravity-ide\extensions\redhat.java-1.56.0-win32-x64\jre\21.0.12.1-win32-x86_64\bin\zip.dll
Event: 0.373 Loaded shared library C:\Users\jyoti\.antigravity-ide\extensions\redhat.java-1.56.0-win32-x64\jre\21.0.12.1-win32-x86_64\bin\zip.dll
Event: 0.417 Attempting to load shared library C:\Users\jyoti\.antigravity-ide\extensions\redhat.java-1.56.0-win32-x64\jre\21.0.12.1-win32-x86_64\bin\jimage.dll
Event: 0.417 Loaded shared library C:\Users\jyoti\.antigravity-ide\extensions\redhat.java-1.56.0-win32-x64\jre\21.0.12.1-win32-x86_64\bin\jimage.dll
Event: 0.565 Attempting to load shared library c:\Users\jyoti\.antigravity-ide\extensions\redhat.java-1.56.0-win32-x64\jre\21.0.12.1-win32-x86_64\bin\verify.dll
Event: 0.572 Loaded shared library c:\Users\jyoti\.antigravity-ide\extensions\redhat.java-1.56.0-win32-x64\jre\21.0.12.1-win32-x86_64\bin\verify.dll
Event: 2.877 Attempting to load shared library C:\Users\jyoti\AppData\Roaming\Antigravity IDE\User\globalStorage\redhat.java\1.56.0\config_win\org.eclipse.equinox.launcher\org.eclipse.equinox.launcher.win32.win32.x86_64_1.3.100.v20260804-1928\eclipse_11924.dll
Event: 2.883 Loaded shared library C:\Users\jyoti\AppData\Roaming\Antigravity IDE\User\globalStorage\redhat.java\1.56.0\config_win\org.eclipse.equinox.launcher\org.eclipse.equinox.launcher.win32.win32.x86_64_1.3.100.v20260804-1928\eclipse_11924.dll
Event: 7.257 Attempting to load shared library C:\Users\jyoti\AppData\Local\Temp\jna-101608309\jna8681637117317243286.dll
Event: 7.260 Loaded shared library C:\Users\jyoti\AppData\Local\Temp\jna-101608309\jna8681637117317243286.dll

Deoptimization events (20 events):
Event: 7.205 Thread 0x0000015f06b80060 Uncommon trap: trap_request=0xffffff45 fr.pc=0x0000015f11855614 relative=0x0000000000000234
Event: 7.205 Thread 0x0000015f06b80060 Uncommon trap: reason=unstable_if action=reinterpret pc=0x0000015f11855614 method=java.io.WinNTFileSystem.normalize(Ljava/lang/String;)Ljava/lang/String; @ 128 c2
Event: 7.205 Thread 0x0000015f06b80060 DEOPT PACKING pc=0x0000015f11855614 sp=0x00000030385f7780
Event: 7.205 Thread 0x0000015f06b80060 DEOPT UNPACKING pc=0x0000015f11253aa2 sp=0x00000030385f76f8 mode 2
Event: 7.211 Thread 0x0000015f06b80060 Uncommon trap: trap_request=0xffffff45 fr.pc=0x0000015f117d7e10 relative=0x0000000000000670
Event: 7.211 Thread 0x0000015f06b80060 Uncommon trap: reason=unstable_if action=reinterpret pc=0x0000015f117d7e10 method=java.lang.String.replace(Ljava/lang/CharSequence;Ljava/lang/CharSequence;)Ljava/lang/String; @ 42 c2
Event: 7.211 Thread 0x0000015f06b80060 DEOPT PACKING pc=0x0000015f117d7e10 sp=0x00000030385f7870
Event: 7.211 Thread 0x0000015f06b80060 DEOPT UNPACKING pc=0x0000015f11253aa2 sp=0x00000030385f77f0 mode 2
Event: 7.314 Thread 0x0000015f06b80060 Uncommon trap: trap_request=0xffffffde fr.pc=0x0000015f118d6a70 relative=0x0000000000000050
Event: 7.314 Thread 0x0000015f06b80060 Uncommon trap: reason=class_check action=maybe_recompile pc=0x0000015f118d6a70 method=java.lang.invoke.DirectMethodHandle.internalMemberName(Ljava/lang/Object;)Ljava/lang/Object; @ 1 c2
Event: 7.314 Thread 0x0000015f06b80060 DEOPT PACKING pc=0x0000015f118d6a70 sp=0x00000030385f3f20
Event: 7.314 Thread 0x0000015f06b80060 DEOPT UNPACKING pc=0x0000015f11253aa2 sp=0x00000030385f3eb0 mode 2
Event: 7.322 Thread 0x0000015f06b80060 Uncommon trap: trap_request=0xffffff45 fr.pc=0x0000015f118edb1c relative=0x000000000000093c
Event: 7.322 Thread 0x0000015f06b80060 Uncommon trap: reason=unstable_if action=reinterpret pc=0x0000015f118edb1c method=java.util.concurrent.ConcurrentHashMap.putVal(Ljava/lang/Object;Ljava/lang/Object;Z)Ljava/lang/Object; @ 401 c2
Event: 7.322 Thread 0x0000015f06b80060 DEOPT PACKING pc=0x0000015f118edb1c sp=0x00000030385f7730
Event: 7.322 Thread 0x0000015f06b80060 DEOPT UNPACKING pc=0x0000015f11253aa2 sp=0x00000030385f76a0 mode 2
Event: 7.423 Thread 0x0000015f65d5af40 Uncommon trap: trap_request=0xffffff45 fr.pc=0x0000015f1188c960 relative=0x00000000000000c0
Event: 7.423 Thread 0x0000015f65d5af40 Uncommon trap: reason=unstable_if action=reinterpret pc=0x0000015f1188c960 method=java.util.concurrent.locks.ReentrantLock$NonfairSync.initialTryLock()Z @ 25 c2
Event: 7.423 Thread 0x0000015f65d5af40 DEOPT PACKING pc=0x0000015f1188c960 sp=0x0000003038cfdf20
Event: 7.423 Thread 0x0000015f65d5af40 DEOPT UNPACKING pc=0x0000015f11253aa2 sp=0x0000003038cfdea0 mode 2

Classes loaded (20 events):
Event: 7.307 Loading class java/io/PrintWriter
Event: 7.307 Loading class java/io/PrintWriter done
Event: 7.312 Loading class java/util/stream/SliceOps
Event: 7.312 Loading class java/util/stream/SliceOps done
Event: 7.312 Loading class java/util/stream/SliceOps$1
Event: 7.312 Loading class java/util/stream/SliceOps$1 done
Event: 7.313 Loading class java/util/stream/SliceOps$1$1
Event: 7.313 Loading class java/util/stream/SliceOps$1$1 done
Event: 7.319 Loading class jdk/internal/reflect/MethodHandleShortFieldAccessorImpl
Event: 7.319 Loading class jdk/internal/reflect/MethodHandleShortFieldAccessorImpl done
Event: 7.320 Loading class java/lang/Short$ShortCache
Event: 7.321 Loading class java/lang/Short$ShortCache done
Event: 7.373 Loading class java/util/function/LongUnaryOperator
Event: 7.373 Loading class java/util/function/LongUnaryOperator done
Event: 7.374 Loading class java/lang/ThreadDeath
Event: 7.375 Loading class java/lang/ThreadDeath done
Event: 7.396 Loading class java/util/stream/SortedOps$SizedRefSortingSink
Event: 7.397 Loading class java/util/stream/SortedOps$SizedRefSortingSink done
Event: 7.441 Loading class java/util/concurrent/atomic/Striped64$1
Event: 7.442 Loading class java/util/concurrent/atomic/Striped64$1 done

Classes unloaded (0 events):
No events

Classes redefined (0 events):
No events

Internal exceptions (20 events):
Event: 7.163 Thread 0x0000015f06b80060 Exception <a 'java/lang/NoSuchMethodError'{0x00000000d585be50}: 'java.lang.Object java.lang.invoke.DirectMethodHandle$Holder.invokeStaticInit(java.lang.Object, int)'> (0x00000000d585be50) 
thrown [s\src\hotspot\share\interpreter\linkResolver.cpp, line 773]
Event: 7.218 Thread 0x0000015f06b80060 Exception <a 'java/lang/NoSuchMethodError'{0x00000000d5ae7d58}: 'java.lang.Object java.lang.invoke.DirectMethodHandle$Holder.invokeStaticInit(java.lang.Object, int, int, int, int)'> (0x00000000d5ae7d58) 
thrown [s\src\hotspot\share\interpreter\linkResolver.cpp, line 773]
Event: 7.243 Thread 0x0000015f06b80060 Exception <a 'java/lang/NoSuchMethodError'{0x00000000d5b920d8}: 'java.lang.Object java.lang.invoke.DirectMethodHandle$Holder.invokeStaticInit(java.lang.Object, java.lang.Object, int, int, int, int)'> (0x00000000d5b920d8) 
thrown [s\src\hotspot\share\interpreter\linkResolver.cpp, line 773]
Event: 7.294 Thread 0x0000015f06b80060 Exception <a 'java/lang/NoSuchMethodError'{0x00000000d5cb5710}: 'void java.lang.invoke.DirectMethodHandle$Holder.invokeSpecial(java.lang.Object, java.lang.Object, java.lang.Object, int)'> (0x00000000d5cb5710) 
thrown [s\src\hotspot\share\interpreter\linkResolver.cpp, line 773]
Event: 7.295 Thread 0x0000015f06b80060 Exception <a 'java/lang/NoSuchMethodError'{0x00000000d5cb90a0}: 'void java.lang.invoke.DelegatingMethodHandle$Holder.reinvoke_L(java.lang.Object, java.lang.Object, int)'> (0x00000000d5cb90a0) 
thrown [s\src\hotspot\share\interpreter\linkResolver.cpp, line 773]
Event: 7.296 Thread 0x0000015f06b80060 Exception <a 'java/lang/NoSuchMethodError'{0x00000000d5cbfd88}: 'int java.lang.invoke.Invokers$Holder.invokeExact_MT(java.lang.Object, java.lang.Object, java.lang.Object)'> (0x00000000d5cbfd88) 
thrown [s\src\hotspot\share\interpreter\linkResolver.cpp, line 773]
Event: 7.310 Thread 0x0000015f06b80060 Exception <a 'java/lang/NoSuchMethodError'{0x00000000d5d9eb00}: method resolution failed> (0x00000000d5d9eb00) 
thrown [s\src\hotspot\share\prims\methodHandles.cpp, line 1136]
Event: 7.324 Thread 0x0000015f06b80060 Exception <a 'java/lang/NoSuchMethodError'{0x00000000d5df7328}: 'void java.lang.invoke.Invokers$Holder.invokeExact_MT(java.lang.Object, java.lang.Object, int, java.lang.Object)'> (0x00000000d5df7328) 
thrown [s\src\hotspot\share\interpreter\linkResolver.cpp, line 773]
Event: 7.370 Thread 0x0000015f06b80060 Exception <a 'java/lang/NoSuchMethodError'{0x00000000d5f29cf8}: 'java.lang.Object java.lang.invoke.DirectMethodHandle$Holder.invokeSpecial(java.lang.Object, java.lang.Object, java.lang.Object, long, java.lang.Object)'> (0x00000000d5f29cf8) 
thrown [s\src\hotspot\share\interpreter\linkResolver.cpp, line 773]
Event: 7.371 Thread 0x0000015f06b80060 Exception <a 'java/lang/NoSuchMethodError'{0x00000000d5f31540}: 'java.lang.Object java.lang.invoke.DirectMethodHandle$Holder.newInvokeSpecial(java.lang.Object, java.lang.Object, java.lang.Object, long)'> (0x00000000d5f31540) 
thrown [s\src\hotspot\share\interpreter\linkResolver.cpp, line 773]
Event: 7.372 Thread 0x0000015f06b80060 Exception <a 'java/lang/NoSuchMethodError'{0x00000000d5f358f0}: 'java.lang.Object java.lang.invoke.DirectMethodHandle$Holder.invokeSpecial(java.lang.Object, java.lang.Object, java.lang.Object, java.lang.Object, long)'> (0x00000000d5f358f0) 
thrown [s\src\hotspot\share\interpreter\linkResolver.cpp, line 773]
Event: 7.372 Thread 0x0000015f06b80060 Exception <a 'java/lang/NoSuchMethodError'{0x00000000d5f39510}: 'java.lang.Object java.lang.invoke.Invokers$Holder.linkToTargetMethod(java.lang.Object, java.lang.Object, long, java.lang.Object)'> (0x00000000d5f39510) 
thrown [s\src\hotspot\share\interpreter\linkResolver.cpp, line 773]
Event: 7.391 Thread 0x0000015f06b80060 Exception <a 'java/lang/NoSuchMethodError'{0x00000000d5f9b580}: 'int java.lang.invoke.DirectMethodHandle$Holder.invokeStaticInit(java.lang.Object, java.lang.Object, java.lang.Object)'> (0x00000000d5f9b580) 
thrown [s\src\hotspot\share\interpreter\linkResolver.cpp, line 773]
Event: 7.408 Thread 0x0000015f06b80060 Exception <a 'java/lang/IncompatibleClassChangeError'{0x00000000d605f450}: Found class java.lang.Object, but interface was expected> (0x00000000d605f450) 
thrown [s\src\hotspot\share\interpreter\linkResolver.cpp, line 840]
Event: 7.416 Thread 0x0000015f06b80060 Exception <a 'java/lang/NoSuchMethodError'{0x00000000d6074b90}: 'java.lang.Object java.lang.invoke.DirectMethodHandle$Holder.invokeSpecial(java.lang.Object, java.lang.Object, java.lang.Object, int, java.lang.Object, java.lang.Object)'> (0x00000000d6074b90) 
thrown [s\src\hotspot\share\interpreter\linkResolver.cpp, line 773]
Event: 7.417 Thread 0x0000015f06b80060 Exception <a 'java/lang/NoSuchMethodError'{0x00000000d607c620}: 'java.lang.Object java.lang.invoke.DirectMethodHandle$Holder.newInvokeSpecial(java.lang.Object, java.lang.Object, java.lang.Object, int, java.lang.Object)'> (0x00000000d607c620) 
thrown [s\src\hotspot\share\interpreter\linkResolver.cpp, line 773]
Event: 7.418 Thread 0x0000015f06b80060 Exception <a 'java/lang/NoSuchMethodError'{0x00000000d60805a0}: 'java.lang.Object java.lang.invoke.DirectMethodHandle$Holder.invokeSpecial(java.lang.Object, java.lang.Object, java.lang.Object, java.lang.Object, int, java.lang.Object)'> (0x00000000d60805a0) 
thrown [s\src\hotspot\share\interpreter\linkResolver.cpp, line 773]
Event: 7.418 Thread 0x0000015f06b80060 Exception <a 'java/lang/NoSuchMethodError'{0x00000000d60840e0}: 'java.lang.Object java.lang.invoke.Invokers$Holder.linkToTargetMethod(java.lang.Object, java.lang.Object, int, java.lang.Object, java.lang.Object)'> (0x00000000d60840e0) 
thrown [s\src\hotspot\share\interpreter\linkResolver.cpp, line 773]
Event: 7.420 Thread 0x0000015f65d5af40 Exception <a 'java/lang/NoSuchMethodError'{0x00000000d5fc49f0}: 'java.lang.Object java.lang.invoke.DirectMethodHandle$Holder.invokeSpecial(java.lang.Object, java.lang.Object, int, java.lang.Object, java.lang.Object)'> (0x00000000d5fc49f0) 
thrown [s\src\hotspot\share\interpreter\linkResolver.cpp, line 773]
Event: 7.447 Thread 0x0000015f06b80060 Exception <a 'java/lang/NoSuchMethodError'{0x00000000d6181ad8}: 'void java.lang.invoke.DirectMethodHandle$Holder.invokeSpecial(java.lang.Object, java.lang.Object, java.lang.Object, java.lang.Object, java.lang.Object)'> (0x00000000d6181ad8) 
thrown [s\src\hotspot\share\interpreter\linkResolver.cpp, line 773]

ZGC Phase Switch (0 events):
No events

VM Operations (20 events):
Event: 3.726 Executing non-safepoint VM operation: HandshakeAllThreads (Deoptimize)
Event: 3.726 Executing non-safepoint VM operation: HandshakeAllThreads (Deoptimize) done
Event: 4.724 Executing safepoint VM operation: Cleanup
Event: 4.724 Executing safepoint VM operation: Cleanup done
Event: 5.727 Executing safepoint VM operation: Cleanup
Event: 5.728 Executing safepoint VM operation: Cleanup done
Event: 6.121 Executing non-safepoint VM operation: HandshakeAllThreads (Deoptimize)
Event: 6.121 Executing non-safepoint VM operation: HandshakeAllThreads (Deoptimize) done
Event: 6.178 Executing safepoint VM operation: ParallelGCFailedAllocation (Allocation Failure)
Event: 6.186 Executing safepoint VM operation: ParallelGCFailedAllocation (Allocation Failure) done
Event: 6.868 Executing safepoint VM operation: ICBufferFull
Event: 6.868 Executing safepoint VM operation: ICBufferFull done
Event: 6.980 Executing non-safepoint VM operation: HandshakeAllThreads (Deoptimize)
Event: 6.980 Executing non-safepoint VM operation: HandshakeAllThreads (Deoptimize) done
Event: 7.051 Executing safepoint VM operation: ParallelGCFailedAllocation (Allocation Failure)
Event: 7.057 Executing safepoint VM operation: ParallelGCFailedAllocation (Allocation Failure) done
Event: 7.240 Executing non-safepoint VM operation: HandshakeAllThreads (Deoptimize)
Event: 7.240 Executing non-safepoint VM operation: HandshakeAllThreads (Deoptimize) done
Event: 7.272 Executing non-safepoint VM operation: HandshakeAllThreads (Deoptimize)
Event: 7.272 Executing non-safepoint VM operation: HandshakeAllThreads (Deoptimize) done

Memory protections (0 events):
No events

Nmethod flushes (0 events):
No events

Events (20 events):
Event: 0.157 Thread 0x0000015f046b7980 Thread added: 0x0000015f06b70380
Event: 0.157 Thread 0x0000015f046b7980 Thread added: 0x0000015f06b73b50
Event: 0.157 Thread 0x0000015f046b7980 Thread added: 0x0000015f06b76ed0
Event: 0.157 Thread 0x0000015f046b7980 Thread added: 0x0000015f06b7a0d0
Event: 0.158 Thread 0x0000015f046b7980 Thread added: 0x0000015f06b7d2c0
Event: 0.158 Thread 0x0000015f046b7980 Thread added: 0x0000015f06b7e620
Event: 0.158 Thread 0x0000015f046b7980 Thread added: 0x0000015f06b8da30
Event: 0.159 Thread 0x0000015f046b7980 Thread added: 0x0000015f5f8c9f60
Event: 0.287 Thread 0x0000015f046b7980 Thread added: 0x0000015f06b7ecb0
Event: 0.778 Thread 0x0000015f046b7980 Thread added: 0x0000015f06b7f9d0
Event: 2.524 Thread 0x0000015f046b7980 Thread added: 0x0000015f06b81410
Event: 2.873 Thread 0x0000015f046b7980 Thread added: 0x0000015f06b7f340
Event: 2.968 Thread 0x0000015f06b7f340 Thread added: 0x0000015f06b7df90
Event: 2.974 Thread 0x0000015f046b7980 Thread added: 0x0000015f06b80060
Event: 3.710 Thread 0x0000015f06b80060 Thread added: 0x0000015f06b806f0
Event: 5.814 Thread 0x0000015f06b80060 Thread added: 0x0000015f06b80d80
Event: 6.710 Thread 0x0000015f06b80060 Thread added: 0x0000015f65d5a8b0
Event: 7.303 Thread 0x0000015f06b80060 Thread added: 0x0000015f65d59b90
Event: 7.377 Thread 0x0000015f06b80060 Thread added: 0x0000015f65d5af40
Event: 7.419 Thread 0x0000015f06b80060 Thread added: 0x0000015f65d587e0


Dynamic libraries:
0x00007ff749c90000 - 0x00007ff749c9e000 	c:\Users\jyoti\.antigravity-ide\extensions\redhat.java-1.56.0-win32-x64\jre\21.0.12.1-win32-x86_64\bin\java.exe
0x00007ffb88010000 - 0x00007ffb88227000 	C:\windows\SYSTEM32\ntdll.dll
0x00007ffb86850000 - 0x00007ffb86914000 	C:\windows\System32\KERNEL32.DLL
0x00007ffb85220000 - 0x00007ffb855f2000 	C:\windows\System32\KERNELBASE.dll
0x00007ffb85100000 - 0x00007ffb85211000 	C:\windows\System32\ucrtbase.dll
0x00007ffb53030000 - 0x00007ffb53048000 	c:\Users\jyoti\.antigravity-ide\extensions\redhat.java-1.56.0-win32-x64\jre\21.0.12.1-win32-x86_64\bin\jli.dll
0x00007ffb85d20000 - 0x00007ffb85ed1000 	C:\windows\System32\USER32.dll
0x00007ffb85b30000 - 0x00007ffb85b56000 	C:\windows\System32\win32u.dll
0x00007ffb86810000 - 0x00007ffb86839000 	C:\windows\System32\GDI32.dll
0x00007ffb85890000 - 0x00007ffb859b3000 	C:\windows\System32\gdi32full.dll
0x00007ffb857f0000 - 0x00007ffb8588a000 	C:\windows\System32\msvcp_win.dll
0x00007ffb661c0000 - 0x00007ffb6645b000 	C:\windows\WinSxS\amd64_microsoft.windows.common-controls_6595b64144ccf1df_6.0.22621.5547_none_27104afb73855772\COMCTL32.dll
0x00007ffb869f0000 - 0x00007ffb86a97000 	C:\windows\System32\msvcrt.dll
0x00007ffb51d40000 - 0x00007ffb51d5e000 	c:\Users\jyoti\.antigravity-ide\extensions\redhat.java-1.56.0-win32-x64\jre\21.0.12.1-win32-x86_64\bin\VCRUNTIME140.dll
0x00007ffb86ff0000 - 0x00007ffb87021000 	C:\windows\System32\IMM32.DLL
0x00007ffb64ca0000 - 0x00007ffb64cac000 	c:\Users\jyoti\.antigravity-ide\extensions\redhat.java-1.56.0-win32-x64\jre\21.0.12.1-win32-x86_64\bin\vcruntime140_1.dll
0x00007ffb30000000 - 0x00007ffb3008d000 	c:\Users\jyoti\.antigravity-ide\extensions\redhat.java-1.56.0-win32-x64\jre\21.0.12.1-win32-x86_64\bin\msvcp140.dll
0x00007ffafbe50000 - 0x00007ffafcbf2000 	c:\Users\jyoti\.antigravity-ide\extensions\redhat.java-1.56.0-win32-x64\jre\21.0.12.1-win32-x86_64\bin\server\jvm.dll
0x00007ffb86e80000 - 0x00007ffb86f31000 	C:\windows\System32\ADVAPI32.dll
0x00007ffb86930000 - 0x00007ffb869d8000 	C:\windows\System32\sechost.dll
0x00007ffb85a80000 - 0x00007ffb85aa8000 	C:\windows\System32\bcrypt.dll
0x00007ffb87de0000 - 0x00007ffb87ef4000 	C:\windows\System32\RPCRT4.dll
0x00007ffb85ca0000 - 0x00007ffb85d11000 	C:\windows\System32\WS2_32.dll
0x00007ffb83f40000 - 0x00007ffb83f8d000 	C:\windows\SYSTEM32\POWRPROF.dll
0x00007ffb7c4d0000 - 0x00007ffb7c4da000 	C:\windows\SYSTEM32\VERSION.dll
0x00007ffb7f620000 - 0x00007ffb7f654000 	C:\windows\SYSTEM32\WINMM.dll
0x00007ffb83f20000 - 0x00007ffb83f33000 	C:\windows\SYSTEM32\UMPDC.dll
0x00007ffb841e0000 - 0x00007ffb841f8000 	C:\windows\SYSTEM32\kernel.appcore.dll
0x00007ffb64be0000 - 0x00007ffb64bea000 	c:\Users\jyoti\.antigravity-ide\extensions\redhat.java-1.56.0-win32-x64\jre\21.0.12.1-win32-x86_64\bin\jimage.dll
0x00007ffb82850000 - 0x00007ffb82a83000 	C:\windows\SYSTEM32\DBGHELP.DLL
0x00007ffb86100000 - 0x00007ffb86493000 	C:\windows\System32\combase.dll
0x00007ffb85f00000 - 0x00007ffb85fd7000 	C:\windows\System32\OLEAUT32.dll
0x00007ffb49230000 - 0x00007ffb49262000 	C:\windows\SYSTEM32\dbgcore.DLL
0x00007ffb85770000 - 0x00007ffb857eb000 	C:\windows\System32\bcryptPrimitives.dll
0x00007ffb7f460000 - 0x00007ffb7f46f000 	c:\Users\jyoti\.antigravity-ide\extensions\redhat.java-1.56.0-win32-x64\jre\21.0.12.1-win32-x86_64\bin\instrument.dll
0x00007ffb646c0000 - 0x00007ffb646e0000 	c:\Users\jyoti\.antigravity-ide\extensions\redhat.java-1.56.0-win32-x64\jre\21.0.12.1-win32-x86_64\bin\java.dll
0x00007ffb87530000 - 0x00007ffb87dd2000 	C:\windows\System32\SHELL32.dll
0x00007ffb85b60000 - 0x00007ffb85c9f000 	C:\windows\System32\wintypes.dll
0x00007ffb82ff0000 - 0x00007ffb8390d000 	C:\windows\SYSTEM32\windows.storage.dll
0x00007ffb86670000 - 0x00007ffb8677c000 	C:\windows\System32\SHCORE.dll
0x00007ffb86aa0000 - 0x00007ffb86b09000 	C:\windows\System32\shlwapi.dll
0x00007ffb85030000 - 0x00007ffb8505b000 	C:\windows\SYSTEM32\profapi.dll
0x00007ffb519f0000 - 0x00007ffb51a08000 	c:\Users\jyoti\.antigravity-ide\extensions\redhat.java-1.56.0-win32-x64\jre\21.0.12.1-win32-x86_64\bin\zip.dll
0x00007ffb79590000 - 0x00007ffb795a0000 	C:\Users\jyoti\.antigravity-ide\extensions\redhat.java-1.56.0-win32-x64\jre\21.0.12.1-win32-x86_64\bin\net.dll
0x00007ffb7fa10000 - 0x00007ffb7fb3c000 	C:\windows\SYSTEM32\WINHTTP.dll
0x00007ffb84660000 - 0x00007ffb846c9000 	C:\windows\system32\mswsock.dll
0x00007ffb508c0000 - 0x00007ffb508d6000 	C:\Users\jyoti\.antigravity-ide\extensions\redhat.java-1.56.0-win32-x64\jre\21.0.12.1-win32-x86_64\bin\nio.dll
0x00007ffb64b60000 - 0x00007ffb64b70000 	c:\Users\jyoti\.antigravity-ide\extensions\redhat.java-1.56.0-win32-x64\jre\21.0.12.1-win32-x86_64\bin\verify.dll
0x00007ffb4b020000 - 0x00007ffb4b065000 	C:\Users\jyoti\AppData\Roaming\Antigravity IDE\User\globalStorage\redhat.java\1.56.0\config_win\org.eclipse.equinox.launcher\org.eclipse.equinox.launcher.win32.win32.x86_64_1.3.100.v20260804-1928\eclipse_11924.dll
0x00007ffb86b10000 - 0x00007ffb86cb0000 	C:\windows\System32\ole32.dll
0x00007ffb84880000 - 0x00007ffb8489b000 	C:\windows\SYSTEM32\CRYPTSP.dll
0x00007ffb84140000 - 0x00007ffb84177000 	C:\windows\system32\rsaenh.dll
0x00007ffb84720000 - 0x00007ffb84748000 	C:\windows\SYSTEM32\USERENV.dll
0x00007ffb848a0000 - 0x00007ffb848ac000 	C:\windows\SYSTEM32\CRYPTBASE.dll
0x00007ffb83be0000 - 0x00007ffb83c0d000 	C:\windows\SYSTEM32\IPHLPAPI.DLL
0x00007ffb869e0000 - 0x00007ffb869e9000 	C:\windows\System32\NSI.dll
0x00007ffb44bb0000 - 0x00007ffb44bf9000 	C:\Users\jyoti\AppData\Local\Temp\jna-101608309\jna8681637117317243286.dll
0x00007ffb86840000 - 0x00007ffb86848000 	C:\windows\System32\PSAPI.DLL

JVMTI agents:
c:\Users\jyoti\.antigravity-ide\extensions\redhat.java-1.56.0-win32-x64\lombok\lombok-1.18.39-4050.jar path:c:\Users\jyoti\.antigravity-ide\extensions\redhat.java-1.56.0-win32-x64\jre\21.0.12.1-win32-x86_64\bin\instrument.dll, loaded, initialized, instrumentlib options:none

dbghelp: loaded successfully - version: 4.0.5 - missing functions: none
symbol engine: initialized successfully - sym options: 0x614 - pdb path: .;c:\Users\jyoti\.antigravity-ide\extensions\redhat.java-1.56.0-win32-x64\jre\21.0.12.1-win32-x86_64\bin;C:\windows\SYSTEM32;C:\windows\WinSxS\amd64_microsoft.windows.common-controls_6595b64144ccf1df_6.0.22621.5547_none_27104afb73855772;c:\Users\jyoti\.antigravity-ide\extensions\redhat.java-1.56.0-win32-x64\jre\21.0.12.1-win32-x86_64\bin\server;C:\Users\jyoti\AppData\Roaming\Antigravity IDE\User\globalStorage\redhat.java\1.56.0\config_win\org.eclipse.equinox.launcher\org.eclipse.equinox.launcher.win32.win32.x86_64_1.3.100.v20260804-1928;C:\Users\jyoti\AppData\Local\Temp\jna-101608309

VM Arguments:
jvm_args: --add-modules=ALL-SYSTEM --add-opens=java.base/java.util=ALL-UNNAMED --add-opens=java.base/java.lang=ALL-UNNAMED --add-opens=java.base/sun.nio.fs=ALL-UNNAMED -Declipse.application=org.eclipse.jdt.ls.core.id1 -Dosgi.bundles.defaultStartLevel=4 -Declipse.product=org.eclipse.jdt.ls.core.product -Djava.import.generatesMetadataFilesAtProjectRoot=false -Dm2e.project.cache.size=50 -DDetectVMInstallationsJob.disabled=true -Dfile.encoding=utf8 -XX:+UseParallelGC -XX:GCTimeRatio=4 -XX:AdaptiveSizePolicyWeight=90 -Dsun.zip.disableMemoryMapping=true -Xmx2G -Xms100m -Xlog:disable -javaagent:c:\Users\jyoti\.antigravity-ide\extensions\redhat.java-1.56.0-win32-x64\lombok\lombok-1.18.39-4050.jar -XX:+HeapDumpOnOutOfMemoryError -XX:HeapDumpPath=c:\Users\jyoti\AppData\Roaming\Antigravity IDE\User\workspaceStorage\bc263b273cc69875a4fa21cf55d510ae\redhat.java -Daether.dependencyCollector.impl=bf 
java_command: c:\Users\jyoti\.antigravity-ide\extensions\redhat.java-1.56.0-win32-x64\server\plugins\org.eclipse.equinox.launcher_1.8.0.v20260804-1928.jar -configuration c:\Users\jyoti\AppData\Roaming\Antigravity IDE\User\globalStorage\redhat.java\1.56.0\config_win -data c:\Users\jyoti\AppData\Roaming\Antigravity IDE\User\workspaceStorage\bc263b273cc69875a4fa21cf55d510ae\redhat.java\jdt_ws --pipe=\\.\pipe\lsp-f84f2b4ee7a414d695cf7d7349d19ea1-sock
java_class_path (initial): c:\Users\jyoti\.antigravity-ide\extensions\redhat.java-1.56.0-win32-x64\server\plugins\org.eclipse.equinox.launcher_1.8.0.v20260804-1928.jar
Launcher Type: SUN_STANDARD

[Global flags]
    uintx AdaptiveSizePolicyWeight                 = 90                                        {product} {command line}
     intx CICompilerCount                          = 4                                         {product} {ergonomic}
    uintx GCTimeRatio                              = 4                                         {product} {command line}
     bool HeapDumpOnOutOfMemoryError               = true                                   {manageable} {command line}
    ccstr HeapDumpPath                             = c:\Users\jyoti\AppData\Roaming\Antigravity IDE\User\workspaceStorage\bc263b273cc69875a4fa21cf55d510ae\redhat.java         {manageable} {command line}
   size_t InitialHeapSize                          = 104857600                                 {product} {command line}
   size_t MaxHeapSize                              = 2147483648                                {product} {command line}
   size_t MaxNewSize                               = 715653120                                 {product} {ergonomic}
   size_t MinHeapDeltaBytes                        = 524288                                    {product} {ergonomic}
   size_t MinHeapSize                              = 104857600                                 {product} {command line}
   size_t NewSize                                  = 34603008                                  {product} {ergonomic}
    uintx NonNMethodCodeHeapSize                   = 5839372                                {pd product} {ergonomic}
    uintx NonProfiledCodeHeapSize                  = 122909434                              {pd product} {ergonomic}
   size_t OldSize                                  = 70254592                                  {product} {ergonomic}
    uintx ProfiledCodeHeapSize                     = 122909434                              {pd product} {ergonomic}
    uintx ReservedCodeCacheSize                    = 251658240                              {pd product} {ergonomic}
     bool SegmentedCodeCache                       = true                                      {product} {ergonomic}
   size_t SoftMaxHeapSize                          = 2147483648                             {manageable} {ergonomic}
     bool UseCompressedOops                        = true                           {product lp64_product} {ergonomic}
     bool UseLargePagesIndividualAllocation        = false                                  {pd product} {ergonomic}
     bool UseParallelGC                            = true                                      {product} {command line}

Logging:
Log output configuration:
 #0: stdout all=off uptime,level,tags foldmultilines=false
 #1: stderr all=off uptime,level,tags foldmultilines=false

Release file:
JAVA_VERSION="21.0.12.1" 
MODULES="java.base java.compiler java.datatransfer java.xml java.prefs java.desktop java.instrument java.logging java.management java.security.sasl java.naming java.rmi java.management.rmi java.net.http java.scripting java.security.jgss java.transaction.xa java.sql java.sql.rowset java.xml.crypto java.se java.smartcardio jdk.accessibility jdk.internal.jvmstat jdk.attach jdk.charsets jdk.internal.opt jdk.zipfs jdk.compiler jdk.crypto.ec jdk.crypto.cryptoki jdk.crypto.mscapi jdk.dynalink jdk.internal.ed jdk.editpad jdk.hotspot.agent jdk.httpserver jdk.internal.le jdk.internal.vm.ci jdk.internal.vm.compiler jdk.internal.vm.compiler.management jdk.jartool jdk.javadoc jdk.jcmd jdk.management jdk.management.agent jdk.jconsole jdk.jdeps jdk.jdwp.agent jdk.jdi jdk.jfr jdk.jshell jdk.jsobject jdk.jstatd jdk.localedata jdk.management.jfr jdk.naming.dns jdk.naming.rmi jdk.net jdk.nio.mapmode jdk.random jdk.sctp jdk.security.auth jdk.security.jgss jdk.unsupported jdk.unsupported.desktop jdk.xml.dom" 

Environment Variables:
JAVA_HOME=C:\Program Files\Java\jdk-17.0.16+8
PATH=C:\Program Files\Common Files\Oracle\Java\javapath;C:\Program Files (x86)\Common Files\Oracle\Java\java8path;C:\Program Files (x86)\Common Files\Oracle\Java\javapath;C:\windows\system32;C:\windows;C:\windows\System32\Wbem;C:\windows\System32\WindowsPowerShell\v1.0\;C:\windows\System32\OpenSSH\;C:\Program Files (x86)\NVIDIA Corporation\PhysX\Common;C:\Program Files\NVIDIA Corporation\NVIDIA NvDLISR;C:\Users\Administrator\AppData\Local\Microsoft\WindowsApps;C:\Program Files\HP\OMEN-Broadcast\Common;C:\Program Files\Git\cmd;C:\Program Files\platform-tools;C:\dart\dart-sdk\bin;C:\Program Files\platform-tools;C:\Program Files\Java\jdk-17.0.16+8\bin;C:\flutter\bin;C:\Users\jyoti\AppData\Local\Microsoft\WindowsApps;C:\Users\jyoti\AppData\Local\Programs\Microsoft VS Code\bin;C:\Users\jyoti\AppData\Local\GitHubDesktop\bin;C:\Program Files\platform-tools;C:\dart\dart-sdk\bin;C:\Program Files\platform-tools;C:\flutter\bin;C:\Program Files\Java\jdk-17.0.16+8\bin;C:\Users\jyoti\AppData\Local\Programs\Antigravity IDE\bin
USERNAME=jyoti
OS=Windows_NT
PROCESSOR_IDENTIFIER=Intel64 Family 6 Model 154 Stepping 3, GenuineIntel
TMP=C:\Users\jyoti\AppData\Local\Temp
TEMP=C:\Users\jyoti\AppData\Local\Temp




Periodic native trim disabled

---------------  S Y S T E M  ---------------

OS:
 Windows 11 , 64 bit Build 22621 (10.0.22621.5415)
OS uptime: 2 days 3:34 hours
Hyper-V role detected

CPU: total 12 (initial active 12) (6 cores per cpu, 2 threads per core) family 6 model 154 stepping 3 microcode 0x432, cx8, cmov, fxsr, ht, mmx, 3dnowpref, sse, sse2, sse3, ssse3, sse4.1, sse4.2, popcnt, lzcnt, tsc, tscinvbit, avx, avx2, aes, erms, clmul, bmi1, bmi2, adx, sha, fma, vzeroupper, clflush, clflushopt, clwb, hv, serialize, rdtscp, rdpid, fsrm, f16c, cet_ibt, cet_ss
Processor Information for processor 0
  Max Mhz: 2000, Current Mhz: 2000, Mhz Limit: 2000
Processor Information for processor 1
  Max Mhz: 2000, Current Mhz: 2000, Mhz Limit: 2000
Processor Information for processor 2
  Max Mhz: 2000, Current Mhz: 2000, Mhz Limit: 2000
Processor Information for processor 3
  Max Mhz: 2000, Current Mhz: 2000, Mhz Limit: 2000
Processor Information for processor 4
  Max Mhz: 2000, Current Mhz: 2000, Mhz Limit: 2000
Processor Information for processor 5
  Max Mhz: 2000, Current Mhz: 2000, Mhz Limit: 2000
Processor Information for processor 6
  Max Mhz: 2000, Current Mhz: 2000, Mhz Limit: 2000
Processor Information for processor 7
  Max Mhz: 2000, Current Mhz: 2000, Mhz Limit: 2000
Processor Information for processor 8
  Max Mhz: 2000, Current Mhz: 1466, Mhz Limit: 2000
Processor Information for processor 9
  Max Mhz: 2000, Current Mhz: 1466, Mhz Limit: 2000
Processor Information for processor 10
  Max Mhz: 2000, Current Mhz: 1466, Mhz Limit: 2000
Processor Information for processor 11
  Max Mhz: 2000, Current Mhz: 1466, Mhz Limit: 2000

Memory: 4k page, system-wide physical 7832M (256M free)
TotalPageFile size 20972M (AvailPageFile size 45M)
current process WorkingSet (physical memory assigned to process): 133M, peak: 133M
current process commit charge ("private bytes"): 282M, peak: 283M

vm_info: OpenJDK 64-Bit Server VM (21.0.12.1+1-LTS) for windows-amd64 JRE (21.0.12.1+1-LTS), built on 2026-08-18T00:00:00Z by "admin" with MS VC++ 17.12 (VS2022)

END.
