#
# There is insufficient memory for the Java Runtime Environment to continue.
# Native memory allocation (malloc) failed to allocate 32744 bytes. Error detail: Chunk::new
# Possible reasons:
#   The system is out of physical RAM or swap space
#   This process is running with CompressedOops enabled, and the Java Heap may be blocking the growth of the native heap
# Possible solutions:
#   Reduce memory load on the system
#   Increase physical memory or swap space
#   Check if swap backing store is full
#   Decrease Java heap size (-Xmx/-Xms)
#   Decrease number of Java threads
#   Decrease Java thread stack sizes (-Xss)
#   Set larger code cache with -XX:ReservedCodeCacheSize=
#   JVM is running with Unscaled Compressed Oops mode in which the Java heap is
#     placed in the first 4GB address space. The Java Heap base address is the
#     maximum limit for the native heap growth. Please use -XX:HeapBaseMinAddress
#     to set the Java Heap base and to place the Java Heap above 4GB virtual address.
# This output file may be truncated or incomplete.
#
#  Out of Memory Error (arena.cpp:168), pid=4752, tid=13924
#
# JRE version: OpenJDK Runtime Environment (21.0.3) (build 21.0.3+-12282718-b509.11)
# Java VM: OpenJDK 64-Bit Server VM (21.0.3+-12282718-b509.11, mixed mode, tiered, compressed oops, compressed class ptrs, g1 gc, windows-amd64)
# No core dump will be written. Minidumps are not enabled by default on client versions of Windows
#

---------------  S U M M A R Y ------------

Command Line: -Dorg.gradle.appname=gradlew org.gradle.wrapper.GradleWrapperMain -q -Ptarget-platform=android-arm -Ptarget=C:\gps\lib\main.dart -Pbase-application-name=android.app.Application -Pdart-defines=RkxVVFRFUl9WRVJTSU9OPTMuNDEuNw==,RkxVVFRFUl9DSEFOTkVMPXN0YWJsZQ==,RkxVVFRFUl9HSVRfVVJMPWh0dHBzOi8vZ2l0aHViLmNvbS9mbHV0dGVyL2ZsdXR0ZXIuZ2l0,RkxVVFRFUl9GUkFNRVdPUktfUkVWSVNJT049Y2MwNzM0YWM3MQ==,RkxVVFRFUl9FTkdJTkVfUkVWSVNJT049NTlhYTU4NGZkZg==,RkxVVFRFUl9EQVJUX1ZFUlNJT049My4xMS41 -Pdart-obfuscation=false -Ptrack-widget-creation=true -Ptree-shake-icons=false -Pfilesystem-scheme=org-dartlang-root assembleDebug

Host: 12th Gen Intel(R) Core(TM) i5-12450H, 12 cores, 7G,  Windows 11 , 64 bit Build 22621 (10.0.22621.5415)
Time: Tue Sep  8 17:48:10 2026 India Standard Time elapsed time: 10.231816 seconds (0d 0h 0m 10s)

---------------  T H R E A D  ---------------

Current thread (0x000001e09e07d9e0):  JavaThread "C2 CompilerThread0" daemon [_thread_in_native, id=13924, stack(0x000000782fc00000,0x000000782fd00000) (1024K)]


Current CompileTask:
C2:  10231 1716       4       java.lang.AbstractStringBuilder::append (67 bytes)

Stack: [0x000000782fc00000,0x000000782fd00000]
Native frames: (J=compiled Java code, j=interpreted, Vv=VM code, C=native code)
V  [jvm.dll+0x6cafb9]
V  [jvm.dll+0x858523]
V  [jvm.dll+0x85aa7e]
V  [jvm.dll+0x85b163]
V  [jvm.dll+0x27d356]
V  [jvm.dll+0xbf93d]
V  [jvm.dll+0xbfe73]
V  [jvm.dll+0x6a72dd]
V  [jvm.dll+0x65cb8b]
V  [jvm.dll+0x65aead]
V  [jvm.dll+0x24697f]
V  [jvm.dll+0x2460d1]
V  [jvm.dll+0x1c5804]
V  [jvm.dll+0x25575c]
V  [jvm.dll+0x253c36]
V  [jvm.dll+0x3ec996]
V  [jvm.dll+0x800d78]
V  [jvm.dll+0x6c98cd]
C  [ucrtbase.dll+0x29333]
C  [KERNEL32.DLL+0x1259d]
C  [ntdll.dll+0x5af78]


---------------  P R O C E S S  ---------------

Threads class SMR info:
_java_thread_list=0x000001e09f1579d0, length=14, elements={
0x000001e080113830, 0x000001e09e065520, 0x000001e09e066240, 0x000001e09e067a20,
0x000001e09e07a780, 0x000001e09e07c1f0, 0x000001e09e07cc50, 0x000001e09e07d9e0,
0x000001e09e099000, 0x000001e09e219fa0, 0x000001e09e222220, 0x000001e09eedd520,
0x000001e09f32c010, 0x000001e09f27b300
}
_to_delete_list=0x000001e09f27bcc0, length=15, elements={
0x000001e080113830, 0x000001e09e065520, 0x000001e09e066240, 0x000001e09e067a20,
0x000001e09e07a780, 0x000001e09e07c1f0, 0x000001e09e07cc50, 0x000001e09e07d9e0,
0x000001e09e099000, 0x000001e09e219fa0, 0x000001e09e222220, 0x000001e09eedd520,
0x000001e09f32c010, 0x000001e09f27a880, 0x000001e09f27b300
}

Java Threads: ( => current thread )
  0x000001e080113830 JavaThread "main"                              [_thread_blocked, id=25460, stack(0x000000782ee00000,0x000000782ef00000) (1024K)]
  0x000001e09e065520 JavaThread "Reference Handler"          daemon [_thread_blocked, id=23236, stack(0x000000782f600000,0x000000782f700000) (1024K)]
  0x000001e09e066240 JavaThread "Finalizer"                  daemon [_thread_blocked, id=8608, stack(0x000000782f700000,0x000000782f800000) (1024K)]
  0x000001e09e067a20 JavaThread "Signal Dispatcher"          daemon [_thread_blocked, id=23064, stack(0x000000782f800000,0x000000782f900000) (1024K)]
  0x000001e09e07a780 JavaThread "Attach Listener"            daemon [_thread_blocked, id=23440, stack(0x000000782f900000,0x000000782fa00000) (1024K)]
  0x000001e09e07c1f0 JavaThread "Service Thread"             daemon [_thread_blocked, id=2556, stack(0x000000782fa00000,0x000000782fb00000) (1024K)]
  0x000001e09e07cc50 JavaThread "Monitor Deflation Thread"   daemon [_thread_blocked, id=18184, stack(0x000000782fb00000,0x000000782fc00000) (1024K)]
=>0x000001e09e07d9e0 JavaThread "C2 CompilerThread0"         daemon [_thread_in_native, id=13924, stack(0x000000782fc00000,0x000000782fd00000) (1024K)]
  0x000001e09e099000 JavaThread "C1 CompilerThread0"         daemon [_thread_blocked, id=7752, stack(0x000000782fd00000,0x000000782fe00000) (1024K)]
  0x000001e09e219fa0 JavaThread "Notification Thread"        daemon [_thread_blocked, id=6984, stack(0x000000782fe00000,0x000000782ff00000) (1024K)]
  0x000001e09e222220 JavaThread "Common-Cleaner"             daemon [_thread_blocked, id=20664, stack(0x000000782ff00000,0x0000007830000000) (1024K)]
  0x000001e09eedd520 JavaThread "pool-1-thread-1"                   [_thread_blocked, id=25136, stack(0x0000007830300000,0x0000007830400000) (1024K)]
  0x000001e09f32c010 JavaThread "Exec process"                      [_thread_in_native, id=20920, stack(0x0000007830800000,0x0000007830900000) (1024K)]
  0x000001e09f27b300 JavaThread "Exec process Thread 2"             [_thread_blocked, id=8044, stack(0x0000007830a00000,0x0000007830b00000) (1024K)]
Total: 14

Other Threads:
  0x000001e099d0ead0 VMThread "VM Thread"                           [id=6160, stack(0x000000782f500000,0x000000782f600000) (1024K)]
  0x000001e099c7e0c0 WatcherThread "VM Periodic Task Thread"        [id=21888, stack(0x000000782f400000,0x000000782f500000) (1024K)]
  0x000001e0823b19f0 WorkerThread "GC Thread#0"                     [id=12804, stack(0x000000782ef00000,0x000000782f000000) (1024K)]
  0x000001e09e48ff10 WorkerThread "GC Thread#1"                     [id=13484, stack(0x0000007830000000,0x0000007830100000) (1024K)]
  0x000001e09e5ab240 WorkerThread "GC Thread#2"                     [id=17660, stack(0x0000007830100000,0x0000007830200000) (1024K)]
  0x000001e09e8b7170 WorkerThread "GC Thread#3"                     [id=16632, stack(0x0000007830200000,0x0000007830300000) (1024K)]
  0x000001e09f0cab40 WorkerThread "GC Thread#4"                     [id=20120, stack(0x0000007830400000,0x0000007830500000) (1024K)]
  0x000001e09f0c9920 WorkerThread "GC Thread#5"                     [id=16392, stack(0x0000007830500000,0x0000007830600000) (1024K)]
  0x000001e09f0ca400 WorkerThread "GC Thread#6"                     [id=15056, stack(0x0000007830600000,0x0000007830700000) (1024K)]
  0x000001e09f0ca7a0 WorkerThread "GC Thread#7"                     [id=7396, stack(0x0000007830700000,0x0000007830800000) (1024K)]
  0x000001e0823c2040 ConcurrentGCThread "G1 Main Marker"            [id=20024, stack(0x000000782f000000,0x000000782f100000) (1024K)]
  0x000001e0823c32e0 WorkerThread "G1 Conc#0"                       [id=11144, stack(0x000000782f100000,0x000000782f200000) (1024K)]
  0x000001e099b54500 ConcurrentGCThread "G1 Refine#0"               [id=22168, stack(0x000000782f200000,0x000000782f300000) (1024K)]
  0x000001e08241ccc0 ConcurrentGCThread "G1 Service"                [id=15520, stack(0x000000782f300000,0x000000782f400000) (1024K)]
Total: 14

Threads with active compile tasks:
C2 CompilerThread0    10263 1716       4       java.lang.AbstractStringBuilder::append (67 bytes)
Total: 1

VM state: not at safepoint (normal execution)

VM Mutex/Monitor currently owned by a thread: None

Heap address: 0x0000000085800000, size: 1960 MB, Compressed Oops mode: 32-bit

CDS archive(s) not mapped
Compressed class space mapped at: 0x0000000100000000-0x0000000140000000, reserved size: 1073741824
Narrow klass base: 0x0000000000000000, Narrow klass shift: 3, Narrow klass range: 0x140000000

GC Precious Log:
 CardTable entry size: 512
 Card Set container configuration: InlinePtr #cards 5 size 8 Array Of Cards #cards 12 size 40 Howl #buckets 4 coarsen threshold 1843 Howl Bitmap #cards 512 size 80 coarsen threshold 460 Card regions per heap region 1 cards per card region 2048
 CPUs: 12 total, 12 available
 Memory: 7832M
 Large Page Support: Disabled
 NUMA Support: Disabled
 Compressed Oops: Enabled (32-bit)
 Heap Region Size: 1M
 Heap Min Capacity: 8M
 Heap Initial Capacity: 124M
 Heap Max Capacity: 1960M
 Pre-touch: Disabled
 Parallel Workers: 10
 Concurrent Workers: 3
 Concurrent Refinement Workers: 10
 Periodic GC: Disabled

Heap:
 garbage-first heap   total 126976K, used 16000K [0x0000000085800000, 0x0000000100000000)
  region size 1024K, 10 young (10240K), 5 survivors (5120K)
 Metaspace       used 18063K, committed 18432K, reserved 1114112K
  class space    used 2097K, committed 2304K, reserved 1048576K

Heap Regions: E=young(eden), S=young(survivor), O=old, HS=humongous(starts), HC=humongous(continues), CS=collection set, F=free, TAMS=top-at-mark-start, PB=parsable bottom
|   0|0x0000000085800000, 0x0000000085900000, 0x0000000085900000|100%|HS|  |TAMS 0x0000000085800000| PB 0x0000000085800000| Complete 
|   1|0x0000000085900000, 0x0000000085a00000, 0x0000000085a00000|100%|HC|  |TAMS 0x0000000085900000| PB 0x0000000085900000| Complete 
|   2|0x0000000085a00000, 0x0000000085b00000, 0x0000000085b00000|100%|HC|  |TAMS 0x0000000085a00000| PB 0x0000000085a00000| Complete 
|   3|0x0000000085b00000, 0x0000000085c00000, 0x0000000085c00000|100%| O|  |TAMS 0x0000000085b00000| PB 0x0000000085b00000| Untracked 
|   4|0x0000000085c00000, 0x0000000085d00000, 0x0000000085d00000|100%| O|  |TAMS 0x0000000085c00000| PB 0x0000000085c00000| Untracked 
|   5|0x0000000085d00000, 0x0000000085e00000, 0x0000000085e00000|100%| O|  |TAMS 0x0000000085d00000| PB 0x0000000085d00000| Untracked 
|   6|0x0000000085e00000, 0x0000000085ea03d0, 0x0000000085f00000| 62%| O|  |TAMS 0x0000000085e00000| PB 0x0000000085e00000| Untracked 
|   7|0x0000000085f00000, 0x0000000085f00000, 0x0000000086000000|  0%| F|  |TAMS 0x0000000085f00000| PB 0x0000000085f00000| Untracked 
|   8|0x0000000086000000, 0x0000000086000000, 0x0000000086100000|  0%| F|  |TAMS 0x0000000086000000| PB 0x0000000086000000| Untracked 
|   9|0x0000000086100000, 0x0000000086100000, 0x0000000086200000|  0%| F|  |TAMS 0x0000000086100000| PB 0x0000000086100000| Untracked 
|  10|0x0000000086200000, 0x0000000086200000, 0x0000000086300000|  0%| F|  |TAMS 0x0000000086200000| PB 0x0000000086200000| Untracked 
|  11|0x0000000086300000, 0x0000000086300000, 0x0000000086400000|  0%| F|  |TAMS 0x0000000086300000| PB 0x0000000086300000| Untracked 
|  12|0x0000000086400000, 0x0000000086400000, 0x0000000086500000|  0%| F|  |TAMS 0x0000000086400000| PB 0x0000000086400000| Untracked 
|  13|0x0000000086500000, 0x0000000086500000, 0x0000000086600000|  0%| F|  |TAMS 0x0000000086500000| PB 0x0000000086500000| Untracked 
|  14|0x0000000086600000, 0x0000000086600000, 0x0000000086700000|  0%| F|  |TAMS 0x0000000086600000| PB 0x0000000086600000| Untracked 
|  15|0x0000000086700000, 0x0000000086700000, 0x0000000086800000|  0%| F|  |TAMS 0x0000000086700000| PB 0x0000000086700000| Untracked 
|  16|0x0000000086800000, 0x0000000086800000, 0x0000000086900000|  0%| F|  |TAMS 0x0000000086800000| PB 0x0000000086800000| Untracked 
|  17|0x0000000086900000, 0x0000000086900000, 0x0000000086a00000|  0%| F|  |TAMS 0x0000000086900000| PB 0x0000000086900000| Untracked 
|  18|0x0000000086a00000, 0x0000000086a00000, 0x0000000086b00000|  0%| F|  |TAMS 0x0000000086a00000| PB 0x0000000086a00000| Untracked 
|  19|0x0000000086b00000, 0x0000000086b00000, 0x0000000086c00000|  0%| F|  |TAMS 0x0000000086b00000| PB 0x0000000086b00000| Untracked 
|  20|0x0000000086c00000, 0x0000000086c00000, 0x0000000086d00000|  0%| F|  |TAMS 0x0000000086c00000| PB 0x0000000086c00000| Untracked 
|  21|0x0000000086d00000, 0x0000000086d00000, 0x0000000086e00000|  0%| F|  |TAMS 0x0000000086d00000| PB 0x0000000086d00000| Untracked 
|  22|0x0000000086e00000, 0x0000000086e00000, 0x0000000086f00000|  0%| F|  |TAMS 0x0000000086e00000| PB 0x0000000086e00000| Untracked 
|  23|0x0000000086f00000, 0x0000000086f00000, 0x0000000087000000|  0%| F|  |TAMS 0x0000000086f00000| PB 0x0000000086f00000| Untracked 
|  24|0x0000000087000000, 0x0000000087000000, 0x0000000087100000|  0%| F|  |TAMS 0x0000000087000000| PB 0x0000000087000000| Untracked 
|  25|0x0000000087100000, 0x0000000087100000, 0x0000000087200000|  0%| F|  |TAMS 0x0000000087100000| PB 0x0000000087100000| Untracked 
|  26|0x0000000087200000, 0x0000000087200000, 0x0000000087300000|  0%| F|  |TAMS 0x0000000087200000| PB 0x0000000087200000| Untracked 
|  27|0x0000000087300000, 0x0000000087300000, 0x0000000087400000|  0%| F|  |TAMS 0x0000000087300000| PB 0x0000000087300000| Untracked 
|  28|0x0000000087400000, 0x0000000087400000, 0x0000000087500000|  0%| F|  |TAMS 0x0000000087400000| PB 0x0000000087400000| Untracked 
|  29|0x0000000087500000, 0x0000000087500000, 0x0000000087600000|  0%| F|  |TAMS 0x0000000087500000| PB 0x0000000087500000| Untracked 
|  30|0x0000000087600000, 0x0000000087600000, 0x0000000087700000|  0%| F|  |TAMS 0x0000000087600000| PB 0x0000000087600000| Untracked 
|  31|0x0000000087700000, 0x0000000087700000, 0x0000000087800000|  0%| F|  |TAMS 0x0000000087700000| PB 0x0000000087700000| Untracked 
|  32|0x0000000087800000, 0x0000000087800000, 0x0000000087900000|  0%| F|  |TAMS 0x0000000087800000| PB 0x0000000087800000| Untracked 
|  33|0x0000000087900000, 0x0000000087900000, 0x0000000087a00000|  0%| F|  |TAMS 0x0000000087900000| PB 0x0000000087900000| Untracked 
|  34|0x0000000087a00000, 0x0000000087a00000, 0x0000000087b00000|  0%| F|  |TAMS 0x0000000087a00000| PB 0x0000000087a00000| Untracked 
|  35|0x0000000087b00000, 0x0000000087b00000, 0x0000000087c00000|  0%| F|  |TAMS 0x0000000087b00000| PB 0x0000000087b00000| Untracked 
|  36|0x0000000087c00000, 0x0000000087c00000, 0x0000000087d00000|  0%| F|  |TAMS 0x0000000087c00000| PB 0x0000000087c00000| Untracked 
|  37|0x0000000087d00000, 0x0000000087d00000, 0x0000000087e00000|  0%| F|  |TAMS 0x0000000087d00000| PB 0x0000000087d00000| Untracked 
|  38|0x0000000087e00000, 0x0000000087e00000, 0x0000000087f00000|  0%| F|  |TAMS 0x0000000087e00000| PB 0x0000000087e00000| Untracked 
|  39|0x0000000087f00000, 0x0000000087f00000, 0x0000000088000000|  0%| F|  |TAMS 0x0000000087f00000| PB 0x0000000087f00000| Untracked 
|  40|0x0000000088000000, 0x0000000088000000, 0x0000000088100000|  0%| F|  |TAMS 0x0000000088000000| PB 0x0000000088000000| Untracked 
|  41|0x0000000088100000, 0x0000000088100000, 0x0000000088200000|  0%| F|  |TAMS 0x0000000088100000| PB 0x0000000088100000| Untracked 
|  42|0x0000000088200000, 0x0000000088200000, 0x0000000088300000|  0%| F|  |TAMS 0x0000000088200000| PB 0x0000000088200000| Untracked 
|  43|0x0000000088300000, 0x0000000088300000, 0x0000000088400000|  0%| F|  |TAMS 0x0000000088300000| PB 0x0000000088300000| Untracked 
|  44|0x0000000088400000, 0x0000000088400000, 0x0000000088500000|  0%| F|  |TAMS 0x0000000088400000| PB 0x0000000088400000| Untracked 
|  45|0x0000000088500000, 0x0000000088500000, 0x0000000088600000|  0%| F|  |TAMS 0x0000000088500000| PB 0x0000000088500000| Untracked 
|  46|0x0000000088600000, 0x0000000088600000, 0x0000000088700000|  0%| F|  |TAMS 0x0000000088600000| PB 0x0000000088600000| Untracked 
|  47|0x0000000088700000, 0x0000000088700000, 0x0000000088800000|  0%| F|  |TAMS 0x0000000088700000| PB 0x0000000088700000| Untracked 
|  48|0x0000000088800000, 0x0000000088800000, 0x0000000088900000|  0%| F|  |TAMS 0x0000000088800000| PB 0x0000000088800000| Untracked 
|  49|0x0000000088900000, 0x0000000088900000, 0x0000000088a00000|  0%| F|  |TAMS 0x0000000088900000| PB 0x0000000088900000| Untracked 
|  50|0x0000000088a00000, 0x0000000088a00000, 0x0000000088b00000|  0%| F|  |TAMS 0x0000000088a00000| PB 0x0000000088a00000| Untracked 
|  51|0x0000000088b00000, 0x0000000088b00000, 0x0000000088c00000|  0%| F|  |TAMS 0x0000000088b00000| PB 0x0000000088b00000| Untracked 
|  52|0x0000000088c00000, 0x0000000088c00000, 0x0000000088d00000|  0%| F|  |TAMS 0x0000000088c00000| PB 0x0000000088c00000| Untracked 
|  53|0x0000000088d00000, 0x0000000088d00000, 0x0000000088e00000|  0%| F|  |TAMS 0x0000000088d00000| PB 0x0000000088d00000| Untracked 
|  54|0x0000000088e00000, 0x0000000088e00000, 0x0000000088f00000|  0%| F|  |TAMS 0x0000000088e00000| PB 0x0000000088e00000| Untracked 
|  55|0x0000000088f00000, 0x0000000088f00000, 0x0000000089000000|  0%| F|  |TAMS 0x0000000088f00000| PB 0x0000000088f00000| Untracked 
|  56|0x0000000089000000, 0x0000000089000000, 0x0000000089100000|  0%| F|  |TAMS 0x0000000089000000| PB 0x0000000089000000| Untracked 
|  57|0x0000000089100000, 0x0000000089100000, 0x0000000089200000|  0%| F|  |TAMS 0x0000000089100000| PB 0x0000000089100000| Untracked 
|  58|0x0000000089200000, 0x0000000089200000, 0x0000000089300000|  0%| F|  |TAMS 0x0000000089200000| PB 0x0000000089200000| Untracked 
|  59|0x0000000089300000, 0x0000000089300000, 0x0000000089400000|  0%| F|  |TAMS 0x0000000089300000| PB 0x0000000089300000| Untracked 
|  60|0x0000000089400000, 0x0000000089400000, 0x0000000089500000|  0%| F|  |TAMS 0x0000000089400000| PB 0x0000000089400000| Untracked 
|  61|0x0000000089500000, 0x0000000089500000, 0x0000000089600000|  0%| F|  |TAMS 0x0000000089500000| PB 0x0000000089500000| Untracked 
|  62|0x0000000089600000, 0x0000000089600000, 0x0000000089700000|  0%| F|  |TAMS 0x0000000089600000| PB 0x0000000089600000| Untracked 
|  63|0x0000000089700000, 0x0000000089700000, 0x0000000089800000|  0%| F|  |TAMS 0x0000000089700000| PB 0x0000000089700000| Untracked 
|  64|0x0000000089800000, 0x0000000089800000, 0x0000000089900000|  0%| F|  |TAMS 0x0000000089800000| PB 0x0000000089800000| Untracked 
|  65|0x0000000089900000, 0x0000000089900000, 0x0000000089a00000|  0%| F|  |TAMS 0x0000000089900000| PB 0x0000000089900000| Untracked 
|  66|0x0000000089a00000, 0x0000000089a00000, 0x0000000089b00000|  0%| F|  |TAMS 0x0000000089a00000| PB 0x0000000089a00000| Untracked 
|  67|0x0000000089b00000, 0x0000000089b00000, 0x0000000089c00000|  0%| F|  |TAMS 0x0000000089b00000| PB 0x0000000089b00000| Untracked 
|  68|0x0000000089c00000, 0x0000000089c00000, 0x0000000089d00000|  0%| F|  |TAMS 0x0000000089c00000| PB 0x0000000089c00000| Untracked 
|  69|0x0000000089d00000, 0x0000000089d00000, 0x0000000089e00000|  0%| F|  |TAMS 0x0000000089d00000| PB 0x0000000089d00000| Untracked 
|  70|0x0000000089e00000, 0x0000000089e00000, 0x0000000089f00000|  0%| F|  |TAMS 0x0000000089e00000| PB 0x0000000089e00000| Untracked 
|  71|0x0000000089f00000, 0x0000000089f00000, 0x000000008a000000|  0%| F|  |TAMS 0x0000000089f00000| PB 0x0000000089f00000| Untracked 
|  72|0x000000008a000000, 0x000000008a000000, 0x000000008a100000|  0%| F|  |TAMS 0x000000008a000000| PB 0x000000008a000000| Untracked 
|  73|0x000000008a100000, 0x000000008a100000, 0x000000008a200000|  0%| F|  |TAMS 0x000000008a100000| PB 0x000000008a100000| Untracked 
|  74|0x000000008a200000, 0x000000008a200000, 0x000000008a300000|  0%| F|  |TAMS 0x000000008a200000| PB 0x000000008a200000| Untracked 
|  75|0x000000008a300000, 0x000000008a300000, 0x000000008a400000|  0%| F|  |TAMS 0x000000008a300000| PB 0x000000008a300000| Untracked 
|  76|0x000000008a400000, 0x000000008a400000, 0x000000008a500000|  0%| F|  |TAMS 0x000000008a400000| PB 0x000000008a400000| Untracked 
|  77|0x000000008a500000, 0x000000008a500000, 0x000000008a600000|  0%| F|  |TAMS 0x000000008a500000| PB 0x000000008a500000| Untracked 
|  78|0x000000008a600000, 0x000000008a600000, 0x000000008a700000|  0%| F|  |TAMS 0x000000008a600000| PB 0x000000008a600000| Untracked 
|  79|0x000000008a700000, 0x000000008a700000, 0x000000008a800000|  0%| F|  |TAMS 0x000000008a700000| PB 0x000000008a700000| Untracked 
|  80|0x000000008a800000, 0x000000008a800000, 0x000000008a900000|  0%| F|  |TAMS 0x000000008a800000| PB 0x000000008a800000| Untracked 
|  81|0x000000008a900000, 0x000000008a900000, 0x000000008aa00000|  0%| F|  |TAMS 0x000000008a900000| PB 0x000000008a900000| Untracked 
|  82|0x000000008aa00000, 0x000000008aa00000, 0x000000008ab00000|  0%| F|  |TAMS 0x000000008aa00000| PB 0x000000008aa00000| Untracked 
|  83|0x000000008ab00000, 0x000000008ac00000, 0x000000008ac00000|100%| S|CS|TAMS 0x000000008ab00000| PB 0x000000008ab00000| Complete 
|  84|0x000000008ac00000, 0x000000008ad00000, 0x000000008ad00000|100%| S|CS|TAMS 0x000000008ac00000| PB 0x000000008ac00000| Complete 
|  85|0x000000008ad00000, 0x000000008ae00000, 0x000000008ae00000|100%| S|CS|TAMS 0x000000008ad00000| PB 0x000000008ad00000| Complete 
|  86|0x000000008ae00000, 0x000000008af00000, 0x000000008af00000|100%| S|CS|TAMS 0x000000008ae00000| PB 0x000000008ae00000| Complete 
|  87|0x000000008af00000, 0x000000008b000000, 0x000000008b000000|100%| S|CS|TAMS 0x000000008af00000| PB 0x000000008af00000| Complete 
|  88|0x000000008b000000, 0x000000008b000000, 0x000000008b100000|  0%| F|  |TAMS 0x000000008b000000| PB 0x000000008b000000| Untracked 
|  89|0x000000008b100000, 0x000000008b100000, 0x000000008b200000|  0%| F|  |TAMS 0x000000008b100000| PB 0x000000008b100000| Untracked 
|  90|0x000000008b200000, 0x000000008b200000, 0x000000008b300000|  0%| F|  |TAMS 0x000000008b200000| PB 0x000000008b200000| Untracked 
|  91|0x000000008b300000, 0x000000008b300000, 0x000000008b400000|  0%| F|  |TAMS 0x000000008b300000| PB 0x000000008b300000| Untracked 
|  92|0x000000008b400000, 0x000000008b400000, 0x000000008b500000|  0%| F|  |TAMS 0x000000008b400000| PB 0x000000008b400000| Untracked 
|  93|0x000000008b500000, 0x000000008b500000, 0x000000008b600000|  0%| F|  |TAMS 0x000000008b500000| PB 0x000000008b500000| Untracked 
|  94|0x000000008b600000, 0x000000008b600000, 0x000000008b700000|  0%| F|  |TAMS 0x000000008b600000| PB 0x000000008b600000| Untracked 
|  95|0x000000008b700000, 0x000000008b700000, 0x000000008b800000|  0%| F|  |TAMS 0x000000008b700000| PB 0x000000008b700000| Untracked 
|  96|0x000000008b800000, 0x000000008b800000, 0x000000008b900000|  0%| F|  |TAMS 0x000000008b800000| PB 0x000000008b800000| Untracked 
|  97|0x000000008b900000, 0x000000008b900000, 0x000000008ba00000|  0%| F|  |TAMS 0x000000008b900000| PB 0x000000008b900000| Untracked 
|  98|0x000000008ba00000, 0x000000008ba00000, 0x000000008bb00000|  0%| F|  |TAMS 0x000000008ba00000| PB 0x000000008ba00000| Untracked 
|  99|0x000000008bb00000, 0x000000008bb00000, 0x000000008bc00000|  0%| F|  |TAMS 0x000000008bb00000| PB 0x000000008bb00000| Untracked 
| 100|0x000000008bc00000, 0x000000008bc00000, 0x000000008bd00000|  0%| F|  |TAMS 0x000000008bc00000| PB 0x000000008bc00000| Untracked 
| 101|0x000000008bd00000, 0x000000008bd00000, 0x000000008be00000|  0%| F|  |TAMS 0x000000008bd00000| PB 0x000000008bd00000| Untracked 
| 102|0x000000008be00000, 0x000000008be00000, 0x000000008bf00000|  0%| F|  |TAMS 0x000000008be00000| PB 0x000000008be00000| Untracked 
| 103|0x000000008bf00000, 0x000000008bf00000, 0x000000008c000000|  0%| F|  |TAMS 0x000000008bf00000| PB 0x000000008bf00000| Untracked 
| 104|0x000000008c000000, 0x000000008c000000, 0x000000008c100000|  0%| F|  |TAMS 0x000000008c000000| PB 0x000000008c000000| Untracked 
| 105|0x000000008c100000, 0x000000008c100000, 0x000000008c200000|  0%| F|  |TAMS 0x000000008c100000| PB 0x000000008c100000| Untracked 
| 106|0x000000008c200000, 0x000000008c200000, 0x000000008c300000|  0%| F|  |TAMS 0x000000008c200000| PB 0x000000008c200000| Untracked 
| 107|0x000000008c300000, 0x000000008c300000, 0x000000008c400000|  0%| F|  |TAMS 0x000000008c300000| PB 0x000000008c300000| Untracked 
| 108|0x000000008c400000, 0x000000008c400000, 0x000000008c500000|  0%| F|  |TAMS 0x000000008c400000| PB 0x000000008c400000| Untracked 
| 109|0x000000008c500000, 0x000000008c500000, 0x000000008c600000|  0%| F|  |TAMS 0x000000008c500000| PB 0x000000008c500000| Untracked 
| 110|0x000000008c600000, 0x000000008c600000, 0x000000008c700000|  0%| F|  |TAMS 0x000000008c600000| PB 0x000000008c600000| Untracked 
| 111|0x000000008c700000, 0x000000008c700000, 0x000000008c800000|  0%| F|  |TAMS 0x000000008c700000| PB 0x000000008c700000| Untracked 
| 112|0x000000008c800000, 0x000000008c800000, 0x000000008c900000|  0%| F|  |TAMS 0x000000008c800000| PB 0x000000008c800000| Untracked 
| 113|0x000000008c900000, 0x000000008c900000, 0x000000008ca00000|  0%| F|  |TAMS 0x000000008c900000| PB 0x000000008c900000| Untracked 
| 114|0x000000008ca00000, 0x000000008ca00000, 0x000000008cb00000|  0%| F|  |TAMS 0x000000008ca00000| PB 0x000000008ca00000| Untracked 
| 115|0x000000008cb00000, 0x000000008cb00000, 0x000000008cc00000|  0%| F|  |TAMS 0x000000008cb00000| PB 0x000000008cb00000| Untracked 
| 116|0x000000008cc00000, 0x000000008cc00000, 0x000000008cd00000|  0%| F|  |TAMS 0x000000008cc00000| PB 0x000000008cc00000| Untracked 
| 117|0x000000008cd00000, 0x000000008cd00000, 0x000000008ce00000|  0%| F|  |TAMS 0x000000008cd00000| PB 0x000000008cd00000| Untracked 
| 118|0x000000008ce00000, 0x000000008ce00000, 0x000000008cf00000|  0%| F|  |TAMS 0x000000008ce00000| PB 0x000000008ce00000| Untracked 
| 119|0x000000008cf00000, 0x000000008cf1af58, 0x000000008d000000| 10%| E|  |TAMS 0x000000008cf00000| PB 0x000000008cf00000| Complete 
| 120|0x000000008d000000, 0x000000008d100000, 0x000000008d100000|100%| E|CS|TAMS 0x000000008d000000| PB 0x000000008d000000| Complete 
| 121|0x000000008d100000, 0x000000008d200000, 0x000000008d200000|100%| E|CS|TAMS 0x000000008d100000| PB 0x000000008d100000| Complete 
| 122|0x000000008d200000, 0x000000008d300000, 0x000000008d300000|100%| E|CS|TAMS 0x000000008d200000| PB 0x000000008d200000| Complete 
| 123|0x000000008d300000, 0x000000008d400000, 0x000000008d400000|100%| E|CS|TAMS 0x000000008d300000| PB 0x000000008d300000| Complete 

Card table byte_map: [0x000001e094de0000,0x000001e0951c0000] _byte_map_base: 0x000001e0949b4000

Marking Bits: (CMBitMap*) 0x000001e0823b20f0
 Bits: [0x000001e0951c0000, 0x000001e097060000)

Polling page: 0x000001e081b20000

Metaspace:

Usage:
  Non-class:     15.59 MB used.
      Class:      2.05 MB used.
       Both:     17.64 MB used.

Virtual space:
  Non-class space:       64.00 MB reserved,      15.75 MB ( 25%) committed,  1 nodes.
      Class space:        1.00 GB reserved,       2.25 MB ( <1%) committed,  1 nodes.
             Both:        1.06 GB reserved,      18.00 MB (  2%) committed. 

Chunk freelists:
   Non-Class:  8.00 KB
       Class:  13.66 MB
        Both:  13.67 MB

MaxMetaspaceSize: unlimited
CompressedClassSpaceSize: 1.00 GB
Initial GC threshold: 21.00 MB
Current GC threshold: 21.00 MB
CDS: off
 - commit_granule_bytes: 65536.
 - commit_granule_words: 8192.
 - virtual_space_node_default_size: 8388608.
 - enlarge_chunks_in_place: 1.
 - use_allocation_guard: 0.


Internal statistics:

num_allocs_failed_limit: 0.
num_arena_births: 326.
num_arena_deaths: 0.
num_vsnodes_births: 2.
num_vsnodes_deaths: 0.
num_space_committed: 288.
num_space_uncommitted: 0.
num_chunks_returned_to_freelist: 0.
num_chunks_taken_from_freelist: 642.
num_chunk_merges: 0.
num_chunk_splits: 405.
num_chunks_enlarged: 271.
num_inconsistent_stats: 0.

CodeHeap 'non-profiled nmethods': size=120000Kb used=772Kb max_used=772Kb free=119227Kb
 bounds [0x000001e08cf70000, 0x000001e08d1e0000, 0x000001e0944a0000]
CodeHeap 'profiled nmethods': size=120000Kb used=3197Kb max_used=3197Kb free=116802Kb
 bounds [0x000001e0854a0000, 0x000001e0857c0000, 0x000001e08c9d0000]
CodeHeap 'non-nmethods': size=5760Kb used=1381Kb max_used=1393Kb free=4379Kb
 bounds [0x000001e08c9d0000, 0x000001e08cc40000, 0x000001e08cf70000]
 total_blobs=2215 nmethods=1717 adapters=403
 compilation: enabled
              stopped_count=0, restarted_count=0
 full_count=0

Compilation events (20 events):
Event: 4.837 Thread 0x000001e09e099000 nmethod 1707 0x000001e0857bda10 code [0x000001e0857bdba0, 0x000001e0857bdca8]
Event: 4.844 Thread 0x000001e09e099000 1708       3       java.lang.StringUTF16::checkBoundsOffCount (11 bytes)
Event: 4.845 Thread 0x000001e09e099000 nmethod 1708 0x000001e0857bdd10 code [0x000001e0857bdee0, 0x000001e0857be1d0]
Event: 4.845 Thread 0x000001e09e099000 1709       3       java.nio.Buffer::hasRemaining (17 bytes)
Event: 4.845 Thread 0x000001e09e099000 nmethod 1709 0x000001e0857be390 code [0x000001e0857be520, 0x000001e0857be688]
Event: 5.288 Thread 0x000001e09e099000 1710       1       java.util.concurrent.atomic.AtomicInteger::get (5 bytes)
Event: 5.288 Thread 0x000001e09e099000 nmethod 1710 0x000001e08d030190 code [0x000001e08d030320, 0x000001e08d0303e8]
Event: 5.894 Thread 0x000001e09e07d9e0 1711       4       java.util.Objects::checkIndex (7 bytes)
Event: 5.895 Thread 0x000001e09e07d9e0 nmethod 1711 0x000001e08d030490 code [0x000001e08d030620, 0x000001e08d0306c8]
Event: 7.101 Thread 0x000001e09e099000 1712       1       java.util.concurrent.atomic.AtomicLong::get (5 bytes)
Event: 7.102 Thread 0x000001e09e099000 nmethod 1712 0x000001e08d030790 code [0x000001e08d030920, 0x000001e08d0309f0]
Event: 8.404 Thread 0x000001e09e099000 1714       3       java.util.concurrent.ThreadPoolExecutor::runStateAtLeast (11 bytes)
Event: 8.404 Thread 0x000001e09e099000 nmethod 1714 0x000001e0857be710 code [0x000001e0857be8a0, 0x000001e0857be9e8]
Event: 10.225 Thread 0x000001e09e099000 1715       1       java.nio.Buffer::position (5 bytes)
Event: 10.225 Thread 0x000001e09e07d9e0 1716       4       java.lang.AbstractStringBuilder::append (67 bytes)
Event: 10.225 Thread 0x000001e09e099000 nmethod 1715 0x000001e08d030e90 code [0x000001e08d031020, 0x000001e08d0310e8]
Event: 10.225 Thread 0x000001e09e099000 1717       3       java.nio.CharBuffer::charAt (16 bytes)
Event: 10.226 Thread 0x000001e09e099000 nmethod 1717 0x000001e0857bea90 code [0x000001e0857bec60, 0x000001e0857bf000]
Event: 10.226 Thread 0x000001e09e099000 1718       3       java.nio.Buffer::checkIndex (16 bytes)
Event: 10.226 Thread 0x000001e09e099000 nmethod 1718 0x000001e0857bf210 code [0x000001e0857bf3c0, 0x000001e0857bf520]

GC Heap History (4 events):
Event: 1.979 GC heap before
{Heap before GC invocations=0 (full 0):
 garbage-first heap   total 126976K, used 23552K [0x0000000085800000, 0x0000000100000000)
  region size 1024K, 23 young (23552K), 0 survivors (0K)
 Metaspace       used 8467K, committed 8640K, reserved 1114112K
  class space    used 758K, committed 896K, reserved 1048576K
}
Event: 1.987 GC heap after
{Heap after GC invocations=1 (full 0):
 garbage-first heap   total 126976K, used 1984K [0x0000000085800000, 0x0000000100000000)
  region size 1024K, 2 young (2048K), 2 survivors (2048K)
 Metaspace       used 8467K, committed 8640K, reserved 1114112K
  class space    used 758K, committed 896K, reserved 1048576K
}
Event: 4.591 GC heap before
{Heap before GC invocations=1 (full 0):
 garbage-first heap   total 126976K, used 38848K [0x0000000085800000, 0x0000000100000000)
  region size 1024K, 36 young (36864K), 2 survivors (2048K)
 Metaspace       used 16544K, committed 16896K, reserved 1114112K
  class space    used 1948K, committed 2112K, reserved 1048576K
}
Event: 4.603 GC heap after
{Heap after GC invocations=2 (full 0):
 garbage-first heap   total 126976K, used 11904K [0x0000000085800000, 0x0000000100000000)
  region size 1024K, 5 young (5120K), 5 survivors (5120K)
 Metaspace       used 16544K, committed 16896K, reserved 1114112K
  class space    used 1948K, committed 2112K, reserved 1048576K
}

Dll operation events (3 events):
Event: 0.022 Loaded shared library C:\Program Files\Android\Android Studio\jbr\bin\java.dll
Event: 0.035 Loaded shared library C:\Program Files\Android\Android Studio\jbr\bin\zip.dll
Event: 0.353 Loaded shared library C:\Program Files\Android\Android Studio\jbr\bin\verify.dll

Deoptimization events (20 events):
Event: 4.728 Thread 0x000001e09f32c010 Uncommon trap: trap_request=0xffffff45 fr.pc=0x000001e08d00d8c8 relative=0x0000000000000508
Event: 4.728 Thread 0x000001e09f32c010 Uncommon trap: reason=unstable_if action=reinterpret pc=0x000001e08d00d8c8 method=java.lang.AbstractStringBuilder.isLatin1()Z @ 10 c2
Event: 4.728 Thread 0x000001e09f32c010 DEOPT PACKING pc=0x000001e08d00d8c8 sp=0x00000078308fedb0
Event: 4.728 Thread 0x000001e09f32c010 DEOPT UNPACKING pc=0x000001e08ca246a2 sp=0x00000078308fec48 mode 2
Event: 4.838 Thread 0x000001e09f32c010 Uncommon trap: trap_request=0xffffff45 fr.pc=0x000001e08cfecaf4 relative=0x0000000000000054
Event: 4.838 Thread 0x000001e09f32c010 Uncommon trap: reason=unstable_if action=reinterpret pc=0x000001e08cfecaf4 method=java.lang.CharacterData.of(I)Ljava/lang/CharacterData; @ 4 c2
Event: 4.838 Thread 0x000001e09f32c010 DEOPT PACKING pc=0x000001e08cfecaf4 sp=0x00000078308fe6f0
Event: 4.838 Thread 0x000001e09f32c010 DEOPT UNPACKING pc=0x000001e08ca246a2 sp=0x00000078308fe688 mode 2
Event: 4.844 Thread 0x000001e09f32c010 Uncommon trap: trap_request=0xffffff6e fr.pc=0x000001e08d0128ac relative=0x00000000000003ec
Event: 4.844 Thread 0x000001e09f32c010 Uncommon trap: reason=loop_limit_check action=maybe_recompile pc=0x000001e08d0128ac method=java.lang.StringLatin1.indexOf([BI[BII)I @ 37 c2
Event: 4.844 Thread 0x000001e09f32c010 DEOPT PACKING pc=0x000001e08d0128ac sp=0x00000078308fef10
Event: 4.844 Thread 0x000001e09f32c010 DEOPT UNPACKING pc=0x000001e08ca246a2 sp=0x00000078308fee98 mode 2
Event: 10.222 Thread 0x000001e09f32c010 Uncommon trap: trap_request=0xffffff45 fr.pc=0x000001e08cfabfe4 relative=0x00000000000000c4
Event: 10.222 Thread 0x000001e09f32c010 Uncommon trap: reason=unstable_if action=reinterpret pc=0x000001e08cfabfe4 method=java.lang.String.codePointAt(I)I @ 4 c2
Event: 10.222 Thread 0x000001e09f32c010 DEOPT PACKING pc=0x000001e08cfabfe4 sp=0x00000078308fef50
Event: 10.222 Thread 0x000001e09f32c010 DEOPT UNPACKING pc=0x000001e08ca246a2 sp=0x00000078308feed8 mode 2
Event: 10.223 Thread 0x000001e09f32c010 Uncommon trap: trap_request=0xffffff45 fr.pc=0x000001e08d02f880 relative=0x0000000000000740
Event: 10.223 Thread 0x000001e09f32c010 Uncommon trap: reason=unstable_if action=reinterpret pc=0x000001e08d02f880 method=java.util.regex.Matcher.search(I)Z @ 30 c2
Event: 10.223 Thread 0x000001e09f32c010 DEOPT PACKING pc=0x000001e08d02f880 sp=0x00000078308ff010
Event: 10.223 Thread 0x000001e09f32c010 DEOPT UNPACKING pc=0x000001e08ca246a2 sp=0x00000078308feff0 mode 2

Classes loaded (20 events):
Event: 4.837 Loading class java/util/stream/IntPipeline$10$1
Event: 4.837 Loading class java/util/stream/Sink$ChainedInt
Event: 4.837 Loading class java/util/stream/Sink$ChainedInt done
Event: 4.837 Loading class java/util/stream/IntPipeline$10$1 done
Event: 4.837 Loading class java/lang/StringUTF16$CharsSpliterator
Event: 4.838 Loading class java/lang/StringUTF16$CharsSpliterator done
Event: 4.838 Loading class java/lang/CharacterData00
Event: 4.839 Loading class java/lang/CharacterData00 done
Event: 4.841 Loading class java/text/DecimalFormat
Event: 4.842 Loading class java/text/DecimalFormat done
Event: 4.843 Loading class java/text/FieldPosition
Event: 4.843 Loading class java/text/FieldPosition done
Event: 4.843 Loading class java/text/DigitList
Event: 4.843 Loading class java/text/DigitList done
Event: 4.844 Loading class java/math/RoundingMode
Event: 4.844 Loading class java/math/RoundingMode done
Event: 4.845 Loading class java/nio/charset/CoderResult
Event: 4.845 Loading class java/nio/charset/CoderResult done
Event: 10.224 Loading class java/util/regex/Matcher$ImmutableMatchResult
Event: 10.224 Loading class java/util/regex/Matcher$ImmutableMatchResult done

Classes unloaded (0 events):
No events

Classes redefined (0 events):
No events

Internal exceptions (20 events):
Event: 3.971 Thread 0x000001e080113830 Exception <a 'java/lang/NoSuchMethodError'{0x000000008b89aef8}: 'java.lang.Object java.lang.invoke.DirectMethodHandle$Holder.invokeStatic(java.lang.Object, java.lang.Object, java.lang.Object, java.lang.Object, java.lang.Object, java.lang.Object, java.lang.Object, java.lang.Object, java.lang.Object, java.lang.Object, java.lang.Object, java.lang.Object, java.lang.Object, java.lang.Object, java.lang.Object, java.lang.Object, java.lang.Object, java.lang.Object)'> (0x000000008b89aef8) 
thrown [s\src\hotspot\sha
Event: 3.977 Thread 0x000001e080113830 Exception <a 'java/lang/NoSuchMethodError'{0x000000008b8c3508}: 'java.lang.Object java.lang.invoke.DirectMethodHandle$Holder.invokeStatic(java.lang.Object, java.lang.Object, java.lang.Object, java.lang.Object, java.lang.Object, java.lang.Object, java.lang.Object, java.lang.Object, java.lang.Object, java.lang.Object, java.lang.Object, java.lang.Object, java.lang.Object, java.lang.Object, java.lang.Object, java.lang.Object, java.lang.Object, java.lang.Object, java.lang.Object)'> (0x000000008b8c3508) 
thrown 
Event: 3.984 Thread 0x000001e080113830 Exception <a 'java/lang/NoSuchMethodError'{0x000000008b8ed2e0}: 'java.lang.Object java.lang.invoke.DirectMethodHandle$Holder.invokeStatic(java.lang.Object, java.lang.Object, java.lang.Object, java.lang.Object, java.lang.Object, java.lang.Object, java.lang.Object, java.lang.Object, java.lang.Object, java.lang.Object, java.lang.Object, java.lang.Object, java.lang.Object, java.lang.Object, java.lang.Object, java.lang.Object, java.lang.Object, java.lang.Object, java.lang.Object, java.lang.Object)'> (0x00000000
Event: 3.995 Thread 0x000001e080113830 Exception <a 'java/lang/NoSuchMethodError'{0x000000008b717d58}: 'java.lang.Object java.lang.invoke.DirectMethodHandle$Holder.invokeStatic(java.lang.Object, java.lang.Object, java.lang.Object, java.lang.Object, java.lang.Object, java.lang.Object, java.lang.Object, java.lang.Object, java.lang.Object, java.lang.Object, java.lang.Object, java.lang.Object, java.lang.Object, java.lang.Object, java.lang.Object, java.lang.Object, java.lang.Object, java.lang.Object, java.lang.Object, java.lang.Object, java.lang.Obj
Event: 4.000 Thread 0x000001e080113830 Exception <a 'java/lang/NoSuchMethodError'{0x000000008b742dc0}: 'java.lang.Object java.lang.invoke.DirectMethodHandle$Holder.invokeStatic(java.lang.Object, java.lang.Object, java.lang.Object, java.lang.Object, java.lang.Object, java.lang.Object, java.lang.Object, java.lang.Object, java.lang.Object, java.lang.Object, java.lang.Object, java.lang.Object, java.lang.Object, java.lang.Object, java.lang.Object, java.lang.Object, java.lang.Object, java.lang.Object, java.lang.Object, java.lang.Object, java.lang.Obj
Event: 4.008 Thread 0x000001e080113830 Exception <a 'java/lang/NoSuchMethodError'{0x000000008b76ee48}: 'java.lang.Object java.lang.invoke.DirectMethodHandle$Holder.invokeStatic(java.lang.Object, java.lang.Object, java.lang.Object, java.lang.Object, java.lang.Object, java.lang.Object, java.lang.Object, java.lang.Object, java.lang.Object, java.lang.Object, java.lang.Object, java.lang.Object, java.lang.Object, java.lang.Object, java.lang.Object, java.lang.Object, java.lang.Object, java.lang.Object, java.lang.Object, java.lang.Object, java.lang.Obj
Event: 4.014 Thread 0x000001e080113830 Exception <a 'java/lang/NoSuchMethodError'{0x000000008b79b628}: 'java.lang.Object java.lang.invoke.DirectMethodHandle$Holder.invokeStatic(java.lang.Object, java.lang.Object, java.lang.Object, java.lang.Object, java.lang.Object, java.lang.Object, java.lang.Object, java.lang.Object, java.lang.Object, java.lang.Object, java.lang.Object, java.lang.Object, java.lang.Object, java.lang.Object, java.lang.Object, java.lang.Object, java.lang.Object, java.lang.Object, java.lang.Object, java.lang.Object, java.lang.Obj
Event: 4.019 Thread 0x000001e080113830 Exception <a 'java/lang/NoSuchMethodError'{0x000000008b7c9810}: 'java.lang.Object java.lang.invoke.DirectMethodHandle$Holder.invokeStatic(java.lang.Object, java.lang.Object, java.lang.Object, java.lang.Object, java.lang.Object, java.lang.Object, java.lang.Object, java.lang.Object, java.lang.Object, java.lang.Object, java.lang.Object, java.lang.Object, java.lang.Object, java.lang.Object, java.lang.Object, java.lang.Object, java.lang.Object, java.lang.Object, java.lang.Object, java.lang.Object, java.lang.Obj
Event: 4.027 Thread 0x000001e080113830 Exception <a 'java/lang/NoSuchMethodError'{0x000000008b7ede00}: 'java.lang.Object java.lang.invoke.DirectMethodHandle$Holder.invokeSpecial(java.lang.Object, java.lang.Object, java.lang.Object, java.lang.Object, java.lang.Object, java.lang.Object, java.lang.Object, java.lang.Object, java.lang.Object, java.lang.Object, java.lang.Object, java.lang.Object, java.lang.Object, java.lang.Object, java.lang.Object, java.lang.Object, java.lang.Object, java.lang.Object, java.lang.Object, java.lang.Object, java.lang.Ob
Event: 4.030 Thread 0x000001e080113830 Exception <a 'java/lang/NoSuchMethodError'{0x000000008b6044c0}: 'java.lang.Object java.lang.invoke.DirectMethodHandle$Holder.newInvokeSpecial(java.lang.Object, java.lang.Object, java.lang.Object, java.lang.Object, java.lang.Object, java.lang.Object, java.lang.Object, java.lang.Object, java.lang.Object, java.lang.Object, java.lang.Object, java.lang.Object, java.lang.Object, java.lang.Object, java.lang.Object, java.lang.Object, java.lang.Object, java.lang.Object, java.lang.Object, java.lang.Object, java.lang
Event: 4.031 Thread 0x000001e080113830 Exception <a 'java/lang/NoSuchMethodError'{0x000000008b60a658}: 'java.lang.Object java.lang.invoke.Invokers$Holder.linkToTargetMethod(java.lang.Object, java.lang.Object, java.lang.Object, java.lang.Object, java.lang.Object, java.lang.Object, java.lang.Object, java.lang.Object, java.lang.Object, java.lang.Object, java.lang.Object, java.lang.Object, java.lang.Object, java.lang.Object, java.lang.Object, java.lang.Object, java.lang.Object, java.lang.Object, java.lang.Object, java.lang.Object, java.lang.Object,
Event: 4.032 Thread 0x000001e080113830 Exception <a 'java/lang/NoSuchMethodError'{0x000000008b60f968}: 'java.lang.Object java.lang.invoke.DirectMethodHandle$Holder.invokeVirtual(java.lang.Object, java.lang.Object, java.lang.Object, java.lang.Object, java.lang.Object, java.lang.Object, java.lang.Object, java.lang.Object, java.lang.Object, java.lang.Object)'> (0x000000008b60f968) 
thrown [s\src\hotspot\share\interpreter\linkResolver.cpp, line 784]
Event: 4.083 Thread 0x000001e080113830 Exception <a 'java/lang/NoSuchMethodError'{0x000000008b5030d8}: 'java.lang.Object java.lang.invoke.DirectMethodHandle$Holder.invokeVirtual(java.lang.Object, java.lang.Object, java.lang.Object, java.lang.Object, java.lang.Object, java.lang.Object, java.lang.Object, java.lang.Object, java.lang.Object)'> (0x000000008b5030d8) 
thrown [s\src\hotspot\share\interpreter\linkResolver.cpp, line 784]
Event: 4.154 Thread 0x000001e080113830 Exception <a 'java/lang/NoSuchMethodError'{0x000000008b417010}: 'java.lang.Object java.lang.invoke.DirectMethodHandle$Holder.invokeVirtual(java.lang.Object, java.lang.Object, java.lang.Object, java.lang.Object, java.lang.Object, java.lang.Object, java.lang.Object, java.lang.Object)'> (0x000000008b417010) 
thrown [s\src\hotspot\share\interpreter\linkResolver.cpp, line 784]
Event: 4.208 Thread 0x000001e080113830 Exception <a 'java/lang/NoSuchMethodError'{0x000000008b4a9fc0}: 'java.lang.Object java.lang.invoke.DirectMethodHandle$Holder.invokeStaticInit(java.lang.Object, int, int, int, int)'> (0x000000008b4a9fc0) 
thrown [s\src\hotspot\share\interpreter\linkResolver.cpp, line 784]
Event: 4.242 Thread 0x000001e080113830 Exception <a 'java/lang/NoSuchMethodError'{0x000000008b4d82e0}: 'java.lang.Object java.lang.invoke.DirectMethodHandle$Holder.invokeStaticInit(java.lang.Object, java.lang.Object, int, int, int, int)'> (0x000000008b4d82e0) 
thrown [s\src\hotspot\share\interpreter\linkResolver.cpp, line 784]
Event: 4.739 Thread 0x000001e09f32c010 Exception <a 'java/lang/NoSuchMethodError'{0x000000008d1ca8c8}: 'void java.lang.invoke.DirectMethodHandle$Holder.invokeStatic(java.lang.Object, long)'> (0x000000008d1ca8c8) 
thrown [s\src\hotspot\share\interpreter\linkResolver.cpp, line 784]
Event: 4.741 Thread 0x000001e09f32c010 Exception <a 'java/lang/NoSuchMethodError'{0x000000008d1cfac0}: 'java.lang.Object java.lang.invoke.DirectMethodHandle$Holder.newInvokeSpecial(java.lang.Object, long)'> (0x000000008d1cfac0) 
thrown [s\src\hotspot\share\interpreter\linkResolver.cpp, line 784]
Event: 4.743 Thread 0x000001e09f32c010 Exception <a 'java/lang/NoSuchMethodError'{0x000000008d1d67e8}: 'java.lang.Object java.lang.invoke.DirectMethodHandle$Holder.invokeStatic(java.lang.Object, long, java.lang.Object)'> (0x000000008d1d67e8) 
thrown [s\src\hotspot\share\interpreter\linkResolver.cpp, line 784]
Event: 4.744 Thread 0x000001e09f32c010 Exception <a 'java/lang/NoSuchMethodError'{0x000000008d1d9f70}: 'java.lang.Object java.lang.invoke.DirectMethodHandle$Holder.invokeStaticInit(java.lang.Object, long, java.lang.Object)'> (0x000000008d1d9f70) 
thrown [s\src\hotspot\share\interpreter\linkResolver.cpp, line 784]

ZGC Phase Switch (0 events):
No events

VM Operations (20 events):
Event: 3.158 Executing VM operation: Cleanup
Event: 3.158 Executing VM operation: Cleanup done
Event: 3.294 Executing VM operation: HandshakeAllThreads (Deoptimize)
Event: 3.294 Executing VM operation: HandshakeAllThreads (Deoptimize) done
Event: 3.441 Executing VM operation: HandshakeAllThreads (Deoptimize)
Event: 3.441 Executing VM operation: HandshakeAllThreads (Deoptimize) done
Event: 3.527 Executing VM operation: HandshakeAllThreads (Deoptimize)
Event: 3.527 Executing VM operation: HandshakeAllThreads (Deoptimize) done
Event: 4.235 Executing VM operation: HandshakeAllThreads (Deoptimize)
Event: 4.235 Executing VM operation: HandshakeAllThreads (Deoptimize) done
Event: 4.235 Executing VM operation: Cleanup
Event: 4.236 Executing VM operation: Cleanup done
Event: 4.591 Executing VM operation: G1CollectForAllocation (G1 Evacuation Pause)
Event: 4.604 Executing VM operation: G1CollectForAllocation (G1 Evacuation Pause) done
Event: 4.758 Executing VM operation: HandshakeAllThreads (Deoptimize)
Event: 4.771 Executing VM operation: HandshakeAllThreads (Deoptimize) done
Event: 4.839 Executing VM operation: HandshakeAllThreads (Deoptimize)
Event: 4.839 Executing VM operation: HandshakeAllThreads (Deoptimize) done
Event: 5.840 Executing VM operation: Cleanup
Event: 5.840 Executing VM operation: Cleanup done

Events (20 events):
Event: 0.177 Thread 0x000001e09e07a780 Thread added: 0x000001e09e07a780
Event: 0.178 Thread 0x000001e09e07c1f0 Thread added: 0x000001e09e07c1f0
Event: 0.178 Thread 0x000001e09e07cc50 Thread added: 0x000001e09e07cc50
Event: 0.178 Thread 0x000001e09e07d9e0 Thread added: 0x000001e09e07d9e0
Event: 0.179 Thread 0x000001e09e099000 Thread added: 0x000001e09e099000
Event: 0.257 Thread 0x000001e09e219fa0 Thread added: 0x000001e09e219fa0
Event: 0.273 Thread 0x000001e09e222220 Thread added: 0x000001e09e222220
Event: 0.296 Loaded shared library C:\Program Files\Android\Android Studio\jbr\bin\net.dll
Event: 0.304 Loaded shared library C:\Program Files\Android\Android Studio\jbr\bin\nio.dll
Event: 0.329 Loaded shared library C:\Program Files\Android\Android Studio\jbr\bin\zip.dll
Event: 0.541 Loaded shared library C:\Program Files\Android\Android Studio\jbr\bin\jimage.dll
Event: 3.121 Loaded shared library C:\Program Files\Android\Android Studio\jbr\bin\management.dll
Event: 3.128 Loaded shared library C:\Program Files\Android\Android Studio\jbr\bin\management_ext.dll
Event: 3.271 Loaded shared library C:\Users\jyoti\.gradle\native\1def1411415f61bf3af743bc5b6707747c0891f09f0c88961ee8f79bc544acac\windows-amd64\native-platform.dll
Event: 3.385 Thread 0x000001e09eedd520 Thread added: 0x000001e09eedd520
Event: 3.759 Loaded shared library C:\Program Files\Android\Android Studio\jbr\bin\extnet.dll
Event: 4.720 Thread 0x000001e09f32c010 Thread added: 0x000001e09f32c010
Event: 4.755 Thread 0x000001e09f27a880 Thread added: 0x000001e09f27a880
Event: 4.757 Thread 0x000001e09f27b300 Thread added: 0x000001e09f27b300
Event: 4.760 Thread 0x000001e09f27a880 Thread exited: 0x000001e09f27a880


Dynamic libraries:
0x00007ff6fb400000 - 0x00007ff6fb40a000 	C:\Program Files\Android\Android Studio\jbr\bin\java.exe
0x00007ffb88010000 - 0x00007ffb88227000 	C:\windows\SYSTEM32\ntdll.dll
0x00007ffb86850000 - 0x00007ffb86914000 	C:\windows\System32\KERNEL32.DLL
0x00007ffb85220000 - 0x00007ffb855f2000 	C:\windows\System32\KERNELBASE.dll
0x00007ffb85100000 - 0x00007ffb85211000 	C:\windows\System32\ucrtbase.dll
0x00007ffb79580000 - 0x00007ffb79598000 	C:\Program Files\Android\Android Studio\jbr\bin\jli.dll
0x00007ffb85d20000 - 0x00007ffb85ed1000 	C:\windows\System32\USER32.dll
0x00007ffb4c8e0000 - 0x00007ffb4c8fb000 	C:\Program Files\Android\Android Studio\jbr\bin\VCRUNTIME140.dll
0x00007ffb85b30000 - 0x00007ffb85b56000 	C:\windows\System32\win32u.dll
0x00007ffb86810000 - 0x00007ffb86839000 	C:\windows\System32\GDI32.dll
0x00007ffb661c0000 - 0x00007ffb6645b000 	C:\windows\WinSxS\amd64_microsoft.windows.common-controls_6595b64144ccf1df_6.0.22621.5547_none_27104afb73855772\COMCTL32.dll
0x00007ffb869f0000 - 0x00007ffb86a97000 	C:\windows\System32\msvcrt.dll
0x00007ffb85890000 - 0x00007ffb859b3000 	C:\windows\System32\gdi32full.dll
0x00007ffb857f0000 - 0x00007ffb8588a000 	C:\windows\System32\msvcp_win.dll
0x00007ffb86ff0000 - 0x00007ffb87021000 	C:\windows\System32\IMM32.DLL
0x00007ffb7d3a0000 - 0x00007ffb7d3ac000 	C:\Program Files\Android\Android Studio\jbr\bin\vcruntime140_1.dll
0x00007ffb44cd0000 - 0x00007ffb44d5d000 	C:\Program Files\Android\Android Studio\jbr\bin\msvcp140.dll
0x00007ffaf8b60000 - 0x00007ffaf97dd000 	C:\Program Files\Android\Android Studio\jbr\bin\server\jvm.dll
0x00007ffb86e80000 - 0x00007ffb86f31000 	C:\windows\System32\ADVAPI32.dll
0x00007ffb86930000 - 0x00007ffb869d8000 	C:\windows\System32\sechost.dll
0x00007ffb85a80000 - 0x00007ffb85aa8000 	C:\windows\System32\bcrypt.dll
0x00007ffb87de0000 - 0x00007ffb87ef4000 	C:\windows\System32\RPCRT4.dll
0x00007ffb85ca0000 - 0x00007ffb85d11000 	C:\windows\System32\WS2_32.dll
0x00007ffb7f620000 - 0x00007ffb7f654000 	C:\windows\SYSTEM32\WINMM.dll
0x00007ffb7c4d0000 - 0x00007ffb7c4da000 	C:\windows\SYSTEM32\VERSION.dll
0x00007ffb83f40000 - 0x00007ffb83f8d000 	C:\windows\SYSTEM32\POWRPROF.dll
0x00007ffb83f20000 - 0x00007ffb83f33000 	C:\windows\SYSTEM32\UMPDC.dll
0x00007ffb841e0000 - 0x00007ffb841f8000 	C:\windows\SYSTEM32\kernel.appcore.dll
0x00007ffb4e290000 - 0x00007ffb4e29a000 	C:\Program Files\Android\Android Studio\jbr\bin\jimage.dll
0x00007ffb82850000 - 0x00007ffb82a83000 	C:\windows\SYSTEM32\DBGHELP.DLL
0x00007ffb86100000 - 0x00007ffb86493000 	C:\windows\System32\combase.dll
0x00007ffb85f00000 - 0x00007ffb85fd7000 	C:\windows\System32\OLEAUT32.dll
0x00007ffb49230000 - 0x00007ffb49262000 	C:\windows\SYSTEM32\dbgcore.DLL
0x00007ffb85770000 - 0x00007ffb857eb000 	C:\windows\System32\bcryptPrimitives.dll
0x00007ffb428e0000 - 0x00007ffb428ff000 	C:\Program Files\Android\Android Studio\jbr\bin\java.dll
0x00007ffb428c0000 - 0x00007ffb428d8000 	C:\Program Files\Android\Android Studio\jbr\bin\zip.dll
0x00007ffb87530000 - 0x00007ffb87dd2000 	C:\windows\System32\SHELL32.dll
0x00007ffb85b60000 - 0x00007ffb85c9f000 	C:\windows\System32\wintypes.dll
0x00007ffb82ff0000 - 0x00007ffb8390d000 	C:\windows\SYSTEM32\windows.storage.dll
0x00007ffb86670000 - 0x00007ffb8677c000 	C:\windows\System32\SHCORE.dll
0x00007ffb86aa0000 - 0x00007ffb86b09000 	C:\windows\System32\shlwapi.dll
0x00007ffb85030000 - 0x00007ffb8505b000 	C:\windows\SYSTEM32\profapi.dll
0x00007ffb4e200000 - 0x00007ffb4e210000 	C:\Program Files\Android\Android Studio\jbr\bin\net.dll
0x00007ffb7fa10000 - 0x00007ffb7fb3c000 	C:\windows\SYSTEM32\WINHTTP.dll
0x00007ffb84660000 - 0x00007ffb846c9000 	C:\windows\system32\mswsock.dll
0x00007ffb3c390000 - 0x00007ffb3c3a6000 	C:\Program Files\Android\Android Studio\jbr\bin\nio.dll
0x00007ffb4b2f0000 - 0x00007ffb4b300000 	C:\Program Files\Android\Android Studio\jbr\bin\verify.dll
0x00007ffb4b350000 - 0x00007ffb4b359000 	C:\Program Files\Android\Android Studio\jbr\bin\management.dll
0x00007ffb4b340000 - 0x00007ffb4b34b000 	C:\Program Files\Android\Android Studio\jbr\bin\management_ext.dll
0x00007ffb86840000 - 0x00007ffb86848000 	C:\windows\System32\PSAPI.DLL
0x00007ffb78f70000 - 0x00007ffb78f97000 	C:\Users\jyoti\.gradle\native\1def1411415f61bf3af743bc5b6707747c0891f09f0c88961ee8f79bc544acac\windows-amd64\native-platform.dll
0x00007ffb83be0000 - 0x00007ffb83c0d000 	C:\windows\SYSTEM32\IPHLPAPI.DLL
0x00007ffb869e0000 - 0x00007ffb869e9000 	C:\windows\System32\NSI.dll
0x00007ffb795a0000 - 0x00007ffb795a9000 	C:\Program Files\Android\Android Studio\jbr\bin\extnet.dll
0x00007ffb84880000 - 0x00007ffb8489b000 	C:\windows\SYSTEM32\CRYPTSP.dll
0x00007ffb84140000 - 0x00007ffb84177000 	C:\windows\system32\rsaenh.dll
0x00007ffb84720000 - 0x00007ffb84748000 	C:\windows\SYSTEM32\USERENV.dll
0x00007ffb848a0000 - 0x00007ffb848ac000 	C:\windows\SYSTEM32\CRYPTBASE.dll

dbghelp: loaded successfully - version: 4.0.5 - missing functions: none
symbol engine: initialized successfully - sym options: 0x614 - pdb path: .;C:\Program Files\Android\Android Studio\jbr\bin;C:\windows\SYSTEM32;C:\windows\WinSxS\amd64_microsoft.windows.common-controls_6595b64144ccf1df_6.0.22621.5547_none_27104afb73855772;C:\Program Files\Android\Android Studio\jbr\bin\server;C:\Users\jyoti\.gradle\native\1def1411415f61bf3af743bc5b6707747c0891f09f0c88961ee8f79bc544acac\windows-amd64

VM Arguments:
jvm_args: -Dorg.gradle.appname=gradlew 
java_command: org.gradle.wrapper.GradleWrapperMain -q -Ptarget-platform=android-arm -Ptarget=C:\gps\lib\main.dart -Pbase-application-name=android.app.Application -Pdart-defines=RkxVVFRFUl9WRVJTSU9OPTMuNDEuNw==,RkxVVFRFUl9DSEFOTkVMPXN0YWJsZQ==,RkxVVFRFUl9HSVRfVVJMPWh0dHBzOi8vZ2l0aHViLmNvbS9mbHV0dGVyL2ZsdXR0ZXIuZ2l0,RkxVVFRFUl9GUkFNRVdPUktfUkVWSVNJT049Y2MwNzM0YWM3MQ==,RkxVVFRFUl9FTkdJTkVfUkVWSVNJT049NTlhYTU4NGZkZg==,RkxVVFRFUl9EQVJUX1ZFUlNJT049My4xMS41 -Pdart-obfuscation=false -Ptrack-widget-creation=true -Ptree-shake-icons=false -Pfilesystem-scheme=org-dartlang-root assembleDebug
java_class_path (initial): C:\gps\android\\gradle\wrapper\gradle-wrapper.jar
Launcher Type: SUN_STANDARD

[Global flags]
     intx CICompilerCount                          = 4                                         {product} {ergonomic}
     uint ConcGCThreads                            = 3                                         {product} {ergonomic}
     uint G1ConcRefinementThreads                  = 10                                        {product} {ergonomic}
   size_t G1HeapRegionSize                         = 1048576                                   {product} {ergonomic}
    uintx GCDrainStackTargetSize                   = 64                                        {product} {ergonomic}
   size_t InitialHeapSize                          = 130023424                                 {product} {ergonomic}
   size_t MarkStackSize                            = 4194304                                   {product} {ergonomic}
   size_t MaxHeapSize                              = 2055208960                                {product} {ergonomic}
   size_t MaxNewSize                               = 1233125376                                {product} {ergonomic}
   size_t MinHeapDeltaBytes                        = 1048576                                   {product} {ergonomic}
   size_t MinHeapSize                              = 8388608                                   {product} {ergonomic}
    uintx NonNMethodCodeHeapSize                   = 5839372                                {pd product} {ergonomic}
    uintx NonProfiledCodeHeapSize                  = 122909434                              {pd product} {ergonomic}
    uintx ProfiledCodeHeapSize                     = 122909434                              {pd product} {ergonomic}
    uintx ReservedCodeCacheSize                    = 251658240                              {pd product} {ergonomic}
     bool SegmentedCodeCache                       = true                                      {product} {ergonomic}
   size_t SoftMaxHeapSize                          = 2055208960                             {manageable} {ergonomic}
     bool UseCompressedOops                        = true                           {product lp64_product} {ergonomic}
     bool UseG1GC                                  = true                                      {product} {ergonomic}
     bool UseLargePagesIndividualAllocation        = false                                  {pd product} {ergonomic}

Logging:
Log output configuration:
 #0: stdout all=warning uptime,level,tags foldmultilines=false
 #1: stderr all=off uptime,level,tags foldmultilines=false

Environment Variables:
JAVA_HOME=C:\Program Files\Android\Android Studio\jbr
CLASSPATH=C:\gps\android\\gradle\wrapper\gradle-wrapper.jar
PATH=C:\Program Files\Android\Android Studio\jbr\bin;C:\flutter\bin\;C:\Program Files\Common Files\Oracle\Java\javapath;C:\Program Files (x86)\Common Files\Oracle\Java\java8path;C:\Program Files (x86)\Common Files\Oracle\Java\javapath;C:\windows\system32;C:\windows;C:\windows\System32\Wbem;C:\windows\System32\WindowsPowerShell\v1.0\;C:\windows\System32\OpenSSH\;C:\Program Files (x86)\NVIDIA Corporation\PhysX\Common;C:\Program Files\NVIDIA Corporation\NVIDIA NvDLISR;C:\Users\Administrator\AppData\Local\Microsoft\WindowsApps;C:\Program Files\HP\OMEN-Broadcast\Common;C:\Program Files\Git\cmd;C:\Program Files\platform-tools;C:\dart\dart-sdk\bin;C:\Program Files\platform-tools;C:\Program Files\Java\jdk-17.0.16+8\bin;C:\flutter\bin;C:\Users\jyoti\AppData\Local\Microsoft\WindowsApps;C:\Users\jyoti\AppData\Local\Programs\Microsoft VS Code\bin;C:\Users\jyoti\AppData\Local\GitHubDesktop\bin;C:\Program Files\platform-tools;C:\dart\dart-sdk\bin;C:\Program Files\platform-tools;C:\flutter\bin;C:\Program Files\Java\jdk-17.0.16+8\bin;C:\Users\jyoti\AppData\Local\Programs\Antigravity IDE\bin;c:\Users\jyoti\.antigravity-ide\extensions\vscjava.vscode-java-debug-0.59.0-universal\bundled\scripts\noConfigScripts;c:\Users\jyoti\.antigravity-ide\extensions\ms-python.debugpy-2026.6.0-win32-x64\bundled\scripts\noConfigScripts;C:\flutter\bin\mingit\cmd
USERNAME=jyoti
LANG=en_US.UTF-8
OS=Windows_NT
PROCESSOR_IDENTIFIER=Intel64 Family 6 Model 154 Stepping 3, GenuineIntel
TMP=C:\Users\jyoti\AppData\Local\Temp
TEMP=C:\Users\jyoti\AppData\Local\Temp




Periodic native trim disabled

JNI global refs:
JNI global refs: 19, weak refs: 0

JNI global refs memory usage: 835, weak refs: 201

Process memory usage:
Resident Set Size: 112828K (1% of 8020484K total physical memory with 90592K free physical memory)

OOME stack traces (most recent first):
Classloader memory used:
Loader bootstrap                                                                       : 13064K
Loader org.gradle.internal.classloader.VisitableURLClassLoader                         : 4595K
Loader java.net.URLClassLoader                                                         : 233K
Loader jdk.internal.loader.ClassLoaders$AppClassLoader                                 : 146K
Loader jdk.internal.loader.ClassLoaders$PlatformClassLoader                            : 23312B

Classes loaded by more than one classloader:
Class org.gradle.internal.classloader.ClassLoaderHierarchy                            : loaded 2 times (x 67B)
Class org.gradle.cli.AbstractPropertiesCommandLineConverter                           : loaded 2 times (x 80B)
Class org.gradle.api.internal.classpath.ManifestUtil                                  : loaded 2 times (x 68B)
Class org.gradle.cli.CommandLineParser                                                : loaded 2 times (x 76B)
Class org.gradle.internal.classloader.ClassLoaderVisitor                              : loaded 2 times (x 73B)
Class org.gradle.api.internal.classpath.EffectiveClassPath                            : loaded 2 times (x 87B)
Class org.gradle.internal.service.UnknownServiceException                             : loaded 2 times (x 80B)
Class org.gradle.cli.SystemPropertiesCommandLineConverter                             : loaded 2 times (x 80B)
Class org.gradle.cli.CommandLineArgumentException                                     : loaded 2 times (x 79B)
Class org.gradle.cli.CommandLineParser$KnownOptionParserState                         : loaded 2 times (x 73B)
Class org.gradle.internal.InternalTransformer                                         : loaded 2 times (x 67B)
Class org.gradle.internal.classloader.ClasspathUtil$1                                 : loaded 2 times (x 73B)
Class org.gradle.api.internal.classpath.DefaultModuleRegistry$DefaultModule           : loaded 2 times (x 83B)
Class org.gradle.api.internal.classpath.Module                                        : loaded 2 times (x 67B)
Class org.gradle.api.internal.classpath.UnknownModuleException                        : loaded 2 times (x 79B)
Class org.gradle.internal.classpath.DefaultClassPath$ImmutableUniqueList              : loaded 2 times (x 196B)
Class org.gradle.cli.CommandLineParser$OptionAwareParserState                         : loaded 2 times (x 74B)
Class org.gradle.cli.ParsedCommandLine                                                : loaded 2 times (x 77B)
Class org.gradle.internal.classpath.ClassPath                                         : loaded 2 times (x 67B)
Class org.gradle.cli.CommandLineParser$UnknownOptionParserState                       : loaded 2 times (x 73B)
Class org.gradle.cli.ParsedCommandLineOption                                          : loaded 2 times (x 73B)
Class org.gradle.api.UncheckedIOException                                             : loaded 2 times (x 79B)
Class org.gradle.cli.CommandLineParser$AfterFirstSubCommand                           : loaded 2 times (x 74B)
Class org.gradle.api.internal.classpath.ModuleRegistry                                : loaded 2 times (x 67B)
Class org.gradle.internal.installation.GradleInstallation$1                           : loaded 2 times (x 72B)
Class org.gradle.api.internal.classpath.DefaultModuleRegistry                         : loaded 2 times (x 83B)
Class org.gradle.cli.CommandLineOption                                                : loaded 2 times (x 83B)
Class org.gradle.cli.CommandLineParser$BeforeFirstSubCommand                          : loaded 2 times (x 74B)
Class org.gradle.internal.service.ServiceLookupException                              : loaded 2 times (x 79B)
Class org.gradle.cli.CommandLineParser$OptionParserState                              : loaded 2 times (x 72B)
Class org.gradle.internal.classloader.ClasspathUtil                                   : loaded 2 times (x 68B)
Class org.gradle.api.specs.Spec                                                       : loaded 2 times (x 67B)
Class org.gradle.internal.classpath.DefaultClassPath                                  : loaded 2 times (x 87B)
Class org.gradle.internal.classloader.ClassLoaderSpec                                 : loaded 2 times (x 68B)
Class org.gradle.internal.Cast                                                        : loaded 2 times (x 68B)
Class org.gradle.api.Action                                                           : loaded 2 times (x 67B)
Class org.gradle.internal.classpath.DefaultClassPath$ImmutableUniqueList$Builder      : loaded 2 times (x 72B)
Class org.gradle.cli.AbstractCommandLineConverter                                     : loaded 2 times (x 76B)
Class org.gradle.api.GradleException                                                  : loaded 2 times (x 79B)
Class org.gradle.internal.IoActions                                                   : loaded 2 times (x 68B)
Class org.gradle.internal.classloader.SystemClassLoaderSpec                           : loaded 2 times (x 68B)
Class org.gradle.cli.CommandLineConverter                                             : loaded 2 times (x 67B)
Class org.gradle.cli.CommandLineParser$MissingOptionArgState                          : loaded 2 times (x 74B)
Class org.gradle.cli.CommandLineParser$ParserState                                    : loaded 2 times (x 73B)
Class org.gradle.cli.CommandLineParser$OptionString                                   : loaded 2 times (x 70B)
Class org.gradle.api.internal.classpath.GlobalCacheRootsProvider                      : loaded 2 times (x 67B)
Class org.gradle.internal.installation.CurrentGradleInstallationLocator               : loaded 2 times (x 68B)
Class org.gradle.internal.installation.CurrentGradleInstallation                      : loaded 2 times (x 70B)
Class org.gradle.util.internal.GUtil                                                  : loaded 2 times (x 68B)
Class org.gradle.cli.CommandLineParser$AfterOptions                                   : loaded 2 times (x 74B)
Class org.gradle.internal.installation.GradleInstallation                             : loaded 2 times (x 72B)

---------------  S Y S T E M  ---------------

OS:
 Windows 11 , 64 bit Build 22621 (10.0.22621.5415)
OS uptime: 0 days 5:49 hours
Hyper-V role detected

CPU: total 12 (initial active 12) (6 cores per cpu, 2 threads per core) family 6 model 154 stepping 3 microcode 0x432, cx8, cmov, fxsr, ht, mmx, 3dnowpref, sse, sse2, sse3, ssse3, sse4.1, sse4.2, popcnt, lzcnt, tsc, tscinvbit, avx, avx2, aes, erms, clmul, bmi1, bmi2, adx, sha, fma, vzeroupper, clflush, clflushopt, clwb, hv, serialize, rdtscp, rdpid, fsrm, f16c, cet_ibt, cet_ss
Processor Information for processor 0
  Max Mhz: 2000, Current Mhz: 2000, Mhz Limit: 2000
Processor Information for processor 1
  Max Mhz: 2000, Current Mhz: 2000, Mhz Limit: 2000
Processor Information for processor 2
  Max Mhz: 2000, Current Mhz: 2000, Mhz Limit: 2000
Processor Information for processor 3
  Max Mhz: 2000, Current Mhz: 2000, Mhz Limit: 2000
Processor Information for processor 4
  Max Mhz: 2000, Current Mhz: 2000, Mhz Limit: 2000
Processor Information for processor 5
  Max Mhz: 2000, Current Mhz: 2000, Mhz Limit: 2000
Processor Information for processor 6
  Max Mhz: 2000, Current Mhz: 2000, Mhz Limit: 2000
Processor Information for processor 7
  Max Mhz: 2000, Current Mhz: 2000, Mhz Limit: 2000
Processor Information for processor 8
  Max Mhz: 2000, Current Mhz: 1466, Mhz Limit: 2000
Processor Information for processor 9
  Max Mhz: 2000, Current Mhz: 2000, Mhz Limit: 2000
Processor Information for processor 10
  Max Mhz: 2000, Current Mhz: 2000, Mhz Limit: 2000
Processor Information for processor 11
  Max Mhz: 2000, Current Mhz: 1466, Mhz Limit: 2000

Memory: 4k page, system-wide physical 7832M (83M free)
TotalPageFile size 20644M (AvailPageFile size 0M)
current process WorkingSet (physical memory assigned to process): 110M, peak: 115M
current process commit charge ("private bytes"): 231M, peak: 237M

vm_info: OpenJDK 64-Bit Server VM (21.0.3+-12282718-b509.11) for windows-amd64 JRE (21.0.3+-12282718-b509.11), built on 2024-08-27T17:34:15Z by "builder" with MS VC++ 16.10 / 16.11 (VS2019)

END.
